Task 5: arch=recurrent seed=5
[INFO] Created SummaryWriter, saving to: runs/2026-08-08/test_runs/recurrentSNN/bs256_seed5...
Epoch: 1 | Time: 155.21939227399997 | train_total: 2.9492 | train_ce: 2.9492 | train_l1: 0.0000 | train_l2: 0.0000 | train_acc: 0.0977 | test_total: 2.8732 | test_ce: 2.8732 | test_l1: 0.0000 | test_l2: 0.0000 | test_acc: 0.1418
[INFO] Saving model to: models/recurrentSNN_seed5/recurrentSNN_epoch_001.pt
Epoch: 2 | Time: 152.547459597 | train_total: 2.8223 | train_ce: 2.8223 | train_l1: 0.0000 | train_l2: 0.0000 | train_acc: 0.1659 | test_total: 2.7292 | test_ce: 2.7292 | test_l1: 0.0000 | test_l2: 0.0000 | test_acc: 0.2023
[INFO] Saving model to: models/recurrentSNN_seed5/recurrentSNN_epoch_002.pt
Epoch: 3 | Time: 152.48822340800007 | train_total: 2.6922 | train_ce: 2.6922 | train_l1: 0.0001 | train_l2: 0.0000 | train_acc: 0.2343 | test_total: 2.5918 | test_ce: 2.5917 | test_l1: 0.0001 | test_l2: 0.0000 | test_acc: 0.2588
[INFO] Saving model to: models/recurrentSNN_seed5/recurrentSNN_epoch_003.pt
Epoch: 4 | Time: 152.91837598299992 | train_total: 2.5523 | train_ce: 2.5521 | train_l1: 0.0002 | train_l2: 0.0000 | train_acc: 0.2911 | test_total: 2.4353 | test_ce: 2.4349 | test_l1: 0.0004 | test_l2: 0.0000 | test_acc: 0.3087
[INFO] Saving model to: models/recurrentSNN_seed5/recurrentSNN_epoch_004.pt
Epoch: 5 | Time: 153.38692526800014 | train_total: 2.3992 | train_ce: 2.3987 | train_l1: 0.0005 | train_l2: 0.0000 | train_acc: 0.3352 | test_total: 2.2703 | test_ce: 2.2695 | test_l1: 0.0008 | test_l2: 0.0000 | test_acc: 0.3777
[INFO] Saving model to: models/recurrentSNN_seed5/recurrentSNN_epoch_005.pt
Epoch: 6 | Time: 152.9209657009999 | train_total: 2.2409 | train_ce: 2.2399 | train_l1: 0.0011 | train_l2: 0.0000 | train_acc: 0.3526 | test_total: 2.1469 | test_ce: 2.1452 | test_l1: 0.0017 | test_l2: 0.0000 | test_acc: 0.3794
[INFO] Saving model to: models/recurrentSNN_seed5/recurrentSNN_epoch_006.pt
Epoch: 7 | Time: 154.41001872499987 | train_total: 2.0869 | train_ce: 2.0844 | train_l1: 0.0025 | train_l2: 0.0000 | train_acc: 0.3762 | test_total: 1.9771 | test_ce: 1.9726 | test_l1: 0.0045 | test_l2: 0.0000 | test_acc: 0.3958
[INFO] Saving model to: models/recurrentSNN_seed5/recurrentSNN_epoch_007.pt
Epoch: 8 | Time: 153.78240896700004 | train_total: 1.9325 | train_ce: 1.9271 | train_l1: 0.0054 | train_l2: 0.0000 | train_acc: 0.3954 | test_total: 1.8000 | test_ce: 1.7918 | test_l1: 0.0082 | test_l2: 0.0000 | test_acc: 0.4064
[INFO] Saving model to: models/recurrentSNN_seed5/recurrentSNN_epoch_008.pt
Epoch: 9 | Time: 154.0406855929998 | train_total: 1.8073 | train_ce: 1.7997 | train_l1: 0.0076 | train_l2: 0.0000 | train_acc: 0.4225 | test_total: 1.7237 | test_ce: 1.7136 | test_l1: 0.0101 | test_l2: 0.0000 | test_acc: 0.4399
[INFO] Saving model to: models/recurrentSNN_seed5/recurrentSNN_epoch_009.pt
Epoch: 10 | Time: 154.00067318900005 | train_total: 1.7090 | train_ce: 1.7005 | train_l1: 0.0084 | train_l2: 0.0000 | train_acc: 0.4562 | test_total: 1.6766 | test_ce: 1.6655 | test_l1: 0.0111 | test_l2: 0.0000 | test_acc: 0.4669
[INFO] Saving model to: models/recurrentSNN_seed5/recurrentSNN_epoch_010.pt
Epoch: 11 | Time: 153.94387809 | train_total: 1.6413 | train_ce: 1.6316 | train_l1: 0.0097 | train_l2: 0.0000 | train_acc: 0.4763 | test_total: 1.6075 | test_ce: 1.5927 | test_l1: 0.0148 | test_l2: 0.0000 | test_acc: 0.4669
[INFO] Saving model to: models/recurrentSNN_seed5/recurrentSNN_epoch_011.pt
Epoch: 12 | Time: 153.96042704399997 | train_total: 1.5860 | train_ce: 1.5756 | train_l1: 0.0104 | train_l2: 0.0000 | train_acc: 0.5000 | test_total: 1.5585 | test_ce: 1.5443 | test_l1: 0.0141 | test_l2: 0.0000 | test_acc: 0.5031
[INFO] Saving model to: models/recurrentSNN_seed5/recurrentSNN_epoch_012.pt
Epoch: 13 | Time: 154.00598045700008 | train_total: 1.5215 | train_ce: 1.5097 | train_l1: 0.0118 | train_l2: 0.0000 | train_acc: 0.5194 | test_total: 1.5340 | test_ce: 1.5194 | test_l1: 0.0147 | test_l2: 0.0000 | test_acc: 0.5128
[INFO] Saving model to: models/recurrentSNN_seed5/recurrentSNN_epoch_013.pt
Epoch: 14 | Time: 153.64999129499984 | train_total: 1.4683 | train_ce: 1.4552 | train_l1: 0.0131 | train_l2: 0.0000 | train_acc: 0.5440 | test_total: 1.4866 | test_ce: 1.4693 | test_l1: 0.0173 | test_l2: 0.0000 | test_acc: 0.5124
[INFO] Saving model to: models/recurrentSNN_seed5/recurrentSNN_epoch_014.pt
Epoch: 15 | Time: 153.62668838900026 | train_total: 1.4516 | train_ce: 1.4365 | train_l1: 0.0150 | train_l2: 0.0000 | train_acc: 0.5380 | test_total: 1.4788 | test_ce: 1.4613 | test_l1: 0.0175 | test_l2: 0.0000 | test_acc: 0.5172
[INFO] Saving model to: models/recurrentSNN_seed5/recurrentSNN_epoch_015.pt
Epoch: 16 | Time: 152.6910615249999 | train_total: 1.3835 | train_ce: 1.3676 | train_l1: 0.0159 | train_l2: 0.0000 | train_acc: 0.5622 | test_total: 1.4331 | test_ce: 1.4123 | test_l1: 0.0207 | test_l2: 0.0000 | test_acc: 0.5375
[INFO] Saving model to: models/recurrentSNN_seed5/recurrentSNN_epoch_016.pt
Epoch: 17 | Time: 153.73411777299998 | train_total: 1.3160 | train_ce: 1.2986 | train_l1: 0.0175 | train_l2: 0.0000 | train_acc: 0.5927 | test_total: 1.4028 | test_ce: 1.3808 | test_l1: 0.0221 | test_l2: 0.0000 | test_acc: 0.5455
[INFO] Saving model to: models/recurrentSNN_seed5/recurrentSNN_epoch_017.pt
Epoch: 18 | Time: 154.04172011599985 | train_total: 1.2803 | train_ce: 1.2611 | train_l1: 0.0192 | train_l2: 0.0000 | train_acc: 0.5953 | test_total: 1.3533 | test_ce: 1.3301 | test_l1: 0.0233 | test_l2: 0.0000 | test_acc: 0.5592
[INFO] Saving model to: models/recurrentSNN_seed5/recurrentSNN_epoch_018.pt
Epoch: 19 | Time: 153.55718767399958 | train_total: 1.2514 | train_ce: 1.2309 | train_l1: 0.0205 | train_l2: 0.0000 | train_acc: 0.6007 | test_total: 1.3029 | test_ce: 1.2772 | test_l1: 0.0257 | test_l2: 0.0000 | test_acc: 0.5817
[INFO] Saving model to: models/recurrentSNN_seed5/recurrentSNN_epoch_019.pt
Epoch: 20 | Time: 153.86585656399984 | train_total: 1.2292 | train_ce: 1.2072 | train_l1: 0.0220 | train_l2: 0.0000 | train_acc: 0.6123 | test_total: 1.3095 | test_ce: 1.2839 | test_l1: 0.0256 | test_l2: 0.0000 | test_acc: 0.5720
[INFO] Saving model to: models/recurrentSNN_seed5/recurrentSNN_epoch_020.pt
Epoch: 21 | Time: 154.0205184829997 | train_total: 1.1929 | train_ce: 1.1713 | train_l1: 0.0217 | train_l2: 0.0000 | train_acc: 0.6213 | test_total: 1.2803 | test_ce: 1.2539 | test_l1: 0.0262 | test_l2: 0.0002 | test_acc: 0.5786
[INFO] Saving model to: models/recurrentSNN_seed5/recurrentSNN_epoch_021.pt
Epoch: 22 | Time: 153.32141839399947 | train_total: 1.1426 | train_ce: 1.1183 | train_l1: 0.0243 | train_l2: 0.0000 | train_acc: 0.6400 | test_total: 1.2631 | test_ce: 1.2320 | test_l1: 0.0303 | test_l2: 0.0008 | test_acc: 0.5883
[INFO] Saving model to: models/recurrentSNN_seed5/recurrentSNN_epoch_022.pt
Epoch: 23 | Time: 153.30256898199968 | train_total: 1.1136 | train_ce: 1.0890 | train_l1: 0.0246 | train_l2: 0.0000 | train_acc: 0.6530 | test_total: 1.2334 | test_ce: 1.2047 | test_l1: 0.0287 | test_l2: 0.0001 | test_acc: 0.5998
[INFO] Saving model to: models/recurrentSNN_seed5/recurrentSNN_epoch_023.pt
Epoch: 24 | Time: 152.7830156199998 | train_total: 1.0822 | train_ce: 1.0571 | train_l1: 0.0251 | train_l2: 0.0000 | train_acc: 0.6643 | test_total: 1.2431 | test_ce: 1.2124 | test_l1: 0.0298 | test_l2: 0.0009 | test_acc: 0.5791
[INFO] Saving model to: models/recurrentSNN_seed5/recurrentSNN_epoch_024.pt
Epoch: 25 | Time: 153.37752149000062 | train_total: 1.0502 | train_ce: 1.0245 | train_l1: 0.0257 | train_l2: 0.0000 | train_acc: 0.6739 | test_total: 1.2498 | test_ce: 1.2155 | test_l1: 0.0317 | test_l2: 0.0026 | test_acc: 0.5813
[INFO] Saving model to: models/recurrentSNN_seed5/recurrentSNN_epoch_025.pt
Epoch: 26 | Time: 152.75229467200006 | train_total: 1.0281 | train_ce: 0.9996 | train_l1: 0.0285 | train_l2: 0.0000 | train_acc: 0.6763 | test_total: 1.2099 | test_ce: 1.1802 | test_l1: 0.0295 | test_l2: 0.0002 | test_acc: 0.6034
[INFO] Saving model to: models/recurrentSNN_seed5/recurrentSNN_epoch_026.pt
Epoch: 27 | Time: 153.13993854399996 | train_total: 0.9993 | train_ce: 0.9715 | train_l1: 0.0278 | train_l2: 0.0000 | train_acc: 0.6866 | test_total: 1.2792 | test_ce: 1.2383 | test_l1: 0.0341 | test_l2: 0.0067 | test_acc: 0.5786
[INFO] Saving model to: models/recurrentSNN_seed5/recurrentSNN_epoch_027.pt
Epoch: 28 | Time: 154.16129138699944 | train_total: 1.0048 | train_ce: 0.9760 | train_l1: 0.0288 | train_l2: 0.0000 | train_acc: 0.6811 | test_total: 1.2837 | test_ce: 1.2504 | test_l1: 0.0320 | test_l2: 0.0013 | test_acc: 0.5707
[INFO] Saving model to: models/recurrentSNN_seed5/recurrentSNN_epoch_028.pt
Epoch: 29 | Time: 154.20893434200025 | train_total: 0.9616 | train_ce: 0.9323 | train_l1: 0.0293 | train_l2: 0.0000 | train_acc: 0.7045 | test_total: 1.1855 | test_ce: 1.1523 | test_l1: 0.0327 | test_l2: 0.0005 | test_acc: 0.6170
[INFO] Saving model to: models/recurrentSNN_seed5/recurrentSNN_epoch_029.pt
Epoch: 30 | Time: 153.9228494429999 | train_total: 0.9400 | train_ce: 0.9084 | train_l1: 0.0314 | train_l2: 0.0002 | train_acc: 0.7122 | test_total: 1.2071 | test_ce: 1.1747 | test_l1: 0.0317 | test_l2: 0.0007 | test_acc: 0.6060
[INFO] Saving model to: models/recurrentSNN_seed5/recurrentSNN_epoch_030.pt
Epoch: 31 | Time: 153.01284681500056 | train_total: 0.9035 | train_ce: 0.8723 | train_l1: 0.0304 | train_l2: 0.0007 | train_acc: 0.7207 | test_total: 1.1624 | test_ce: 1.1283 | test_l1: 0.0336 | test_l2: 0.0005 | test_acc: 0.6232
[INFO] Saving model to: models/recurrentSNN_seed5/recurrentSNN_epoch_031.pt
Epoch: 32 | Time: 154.14460489799967 | train_total: 0.9135 | train_ce: 0.8820 | train_l1: 0.0310 | train_l2: 0.0005 | train_acc: 0.7217 | test_total: 1.1417 | test_ce: 1.1044 | test_l1: 0.0361 | test_l2: 0.0011 | test_acc: 0.6254
[INFO] Saving model to: models/recurrentSNN_seed5/recurrentSNN_epoch_032.pt
Epoch: 33 | Time: 154.05516339400037 | train_total: 0.8772 | train_ce: 0.8465 | train_l1: 0.0305 | train_l2: 0.0002 | train_acc: 0.7225 | test_total: 1.1266 | test_ce: 1.0842 | test_l1: 0.0364 | test_l2: 0.0060 | test_acc: 0.6409
[INFO] Saving model to: models/recurrentSNN_seed5/recurrentSNN_epoch_033.pt
Epoch: 34 | Time: 153.32314441500057 | train_total: 0.8489 | train_ce: 0.8152 | train_l1: 0.0322 | train_l2: 0.0014 | train_acc: 0.7456 | test_total: 1.1443 | test_ce: 1.1064 | test_l1: 0.0359 | test_l2: 0.0020 | test_acc: 0.6338
[INFO] Saving model to: models/recurrentSNN_seed5/recurrentSNN_epoch_034.pt
Epoch: 35 | Time: 153.80374134700014 | train_total: 0.8324 | train_ce: 0.8002 | train_l1: 0.0320 | train_l2: 0.0002 | train_acc: 0.7452 | test_total: 1.2250 | test_ce: 1.1820 | test_l1: 0.0368 | test_l2: 0.0062 | test_acc: 0.5923
[INFO] Saving model to: models/recurrentSNN_seed5/recurrentSNN_epoch_035.pt
Epoch: 36 | Time: 153.60892622900064 | train_total: 0.8171 | train_ce: 0.7852 | train_l1: 0.0317 | train_l2: 0.0002 | train_acc: 0.7485 | test_total: 1.1764 | test_ce: 1.1431 | test_l1: 0.0333 | test_l2: 0.0000 | test_acc: 0.6175
[INFO] Saving model to: models/recurrentSNN_seed5/recurrentSNN_epoch_036.pt
Epoch: 37 | Time: 153.90238097899964 | train_total: 0.8198 | train_ce: 0.7870 | train_l1: 0.0327 | train_l2: 0.0002 | train_acc: 0.7445 | test_total: 1.1595 | test_ce: 1.1277 | test_l1: 0.0318 | test_l2: 0.0000 | test_acc: 0.6250
[INFO] Saving model to: models/recurrentSNN_seed5/recurrentSNN_epoch_037.pt
Epoch: 38 | Time: 153.13741468900025 | train_total: 0.7678 | train_ce: 0.7358 | train_l1: 0.0319 | train_l2: 0.0000 | train_acc: 0.7624 | test_total: 1.0916 | test_ce: 1.0521 | test_l1: 0.0379 | test_l2: 0.0016 | test_acc: 0.6440
[INFO] Saving model to: models/recurrentSNN_seed5/recurrentSNN_epoch_038.pt
Epoch: 39 | Time: 153.06856867200077 | train_total: 0.7656 | train_ce: 0.7318 | train_l1: 0.0334 | train_l2: 0.0004 | train_acc: 0.7686 | test_total: 1.1518 | test_ce: 1.1173 | test_l1: 0.0345 | test_l2: 0.0000 | test_acc: 0.6281
[INFO] Saving model to: models/recurrentSNN_seed5/recurrentSNN_epoch_039.pt
Epoch: 40 | Time: 152.7254626160002 | train_total: 0.7362 | train_ce: 0.7029 | train_l1: 0.0333 | train_l2: 0.0000 | train_acc: 0.7762 | test_total: 1.0614 | test_ce: 1.0242 | test_l1: 0.0372 | test_l2: 0.0000 | test_acc: 0.6586
[INFO] Saving model to: models/recurrentSNN_seed5/recurrentSNN_epoch_040.pt
Epoch: 41 | Time: 153.22217703300066 | train_total: 0.7341 | train_ce: 0.6994 | train_l1: 0.0333 | train_l2: 0.0015 | train_acc: 0.7795 | test_total: 1.0894 | test_ce: 1.0534 | test_l1: 0.0360 | test_l2: 0.0001 | test_acc: 0.6462
[INFO] Saving model to: models/recurrentSNN_seed5/recurrentSNN_epoch_041.pt
Epoch: 42 | Time: 153.46830824300014 | train_total: 0.7105 | train_ce: 0.6780 | train_l1: 0.0325 | train_l2: 0.0000 | train_acc: 0.7852 | test_total: 1.1618 | test_ce: 1.1257 | test_l1: 0.0359 | test_l2: 0.0002 | test_acc: 0.6175
[INFO] Saving model to: models/recurrentSNN_seed5/recurrentSNN_epoch_042.pt
Epoch: 43 | Time: 153.25910961499994 | train_total: 0.6944 | train_ce: 0.6595 | train_l1: 0.0346 | train_l2: 0.0004 | train_acc: 0.7973 | test_total: 1.1049 | test_ce: 1.0675 | test_l1: 0.0374 | test_l2: 0.0000 | test_acc: 0.6436
[INFO] Saving model to: models/recurrentSNN_seed5/recurrentSNN_epoch_043.pt
Epoch: 44 | Time: 153.3480797329994 | train_total: 0.6709 | train_ce: 0.6370 | train_l1: 0.0339 | train_l2: 0.0000 | train_acc: 0.7984 | test_total: 1.2042 | test_ce: 1.1676 | test_l1: 0.0366 | test_l2: 0.0001 | test_acc: 0.6184
[INFO] Saving model to: models/recurrentSNN_seed5/recurrentSNN_epoch_044.pt
Epoch: 45 | Time: 153.80820739499904 | train_total: 0.7000 | train_ce: 0.6654 | train_l1: 0.0346 | train_l2: 0.0001 | train_acc: 0.7851 | test_total: 1.2016 | test_ce: 1.1645 | test_l1: 0.0367 | test_l2: 0.0004 | test_acc: 0.6219
[INFO] Saving model to: models/recurrentSNN_seed5/recurrentSNN_epoch_045.pt
Epoch: 46 | Time: 153.742305795 | train_total: 0.6724 | train_ce: 0.6378 | train_l1: 0.0344 | train_l2: 0.0002 | train_acc: 0.7963 | test_total: 1.0494 | test_ce: 1.0082 | test_l1: 0.0398 | test_l2: 0.0014 | test_acc: 0.6625
[INFO] Saving model to: models/recurrentSNN_seed5/recurrentSNN_epoch_046.pt
Epoch: 47 | Time: 153.34101520200056 | train_total: 0.6513 | train_ce: 0.6174 | train_l1: 0.0336 | train_l2: 0.0003 | train_acc: 0.8073 | test_total: 1.1297 | test_ce: 1.0965 | test_l1: 0.0332 | test_l2: 0.0000 | test_acc: 0.6312
[INFO] Saving model to: models/recurrentSNN_seed5/recurrentSNN_epoch_047.pt
Epoch: 48 | Time: 153.09789115600142 | train_total: 0.6397 | train_ce: 0.6064 | train_l1: 0.0330 | train_l2: 0.0003 | train_acc: 0.8107 | test_total: 1.1579 | test_ce: 1.1237 | test_l1: 0.0342 | test_l2: 0.0000 | test_acc: 0.6294
[INFO] Saving model to: models/recurrentSNN_seed5/recurrentSNN_epoch_048.pt
Epoch: 49 | Time: 153.64280080299977 | train_total: 0.6141 | train_ce: 0.5798 | train_l1: 0.0337 | train_l2: 0.0006 | train_acc: 0.8180 | test_total: 1.0630 | test_ce: 1.0256 | test_l1: 0.0369 | test_l2: 0.0004 | test_acc: 0.6581
[INFO] Saving model to: models/recurrentSNN_seed5/recurrentSNN_epoch_049.pt
Epoch: 50 | Time: 153.7749799939993 | train_total: 0.5996 | train_ce: 0.5659 | train_l1: 0.0335 | train_l2: 0.0001 | train_acc: 0.8256 | test_total: 1.0778 | test_ce: 1.0422 | test_l1: 0.0356 | test_l2: 0.0000 | test_acc: 0.6617
[INFO] Saving model to: models/recurrentSNN_seed5/recurrentSNN_epoch_050.pt
Epoch: 51 | Time: 153.7211782760005 | train_total: 0.5799 | train_ce: 0.5463 | train_l1: 0.0336 | train_l2: 0.0000 | train_acc: 0.8280 | test_total: 1.1028 | test_ce: 1.0644 | test_l1: 0.0384 | test_l2: 0.0000 | test_acc: 0.6546
[INFO] Saving model to: models/recurrentSNN_seed5/recurrentSNN_epoch_051.pt
Epoch: 52 | Time: 153.78043887000058 | train_total: 0.5974 | train_ce: 0.5612 | train_l1: 0.0355 | train_l2: 0.0008 | train_acc: 0.8192 | test_total: 1.0833 | test_ce: 1.0455 | test_l1: 0.0377 | test_l2: 0.0000 | test_acc: 0.6475
[INFO] Saving model to: models/recurrentSNN_seed5/recurrentSNN_epoch_052.pt
Epoch: 53 | Time: 153.90886843300177 | train_total: 0.6260 | train_ce: 0.5908 | train_l1: 0.0351 | train_l2: 0.0000 | train_acc: 0.8044 | test_total: 1.1419 | test_ce: 1.1041 | test_l1: 0.0377 | test_l2: 0.0000 | test_acc: 0.6307
[INFO] Saving model to: models/recurrentSNN_seed5/recurrentSNN_epoch_053.pt
Epoch: 54 | Time: 153.21397571300076 | train_total: 0.6262 | train_ce: 0.5892 | train_l1: 0.0369 | train_l2: 0.0001 | train_acc: 0.8071 | test_total: 1.0269 | test_ce: 0.9889 | test_l1: 0.0380 | test_l2: 0.0000 | test_acc: 0.6617
[INFO] Saving model to: models/recurrentSNN_seed5/recurrentSNN_epoch_054.pt
Epoch: 55 | Time: 152.6094967279987 | train_total: 0.5430 | train_ce: 0.5085 | train_l1: 0.0345 | train_l2: 0.0000 | train_acc: 0.8409 | test_total: 1.0348 | test_ce: 0.9979 | test_l1: 0.0369 | test_l2: 0.0000 | test_acc: 0.6727
[INFO] Saving model to: models/recurrentSNN_seed5/recurrentSNN_epoch_055.pt
Epoch: 56 | Time: 153.22845781600154 | train_total: 0.5201 | train_ce: 0.4855 | train_l1: 0.0345 | train_l2: 0.0000 | train_acc: 0.8521 | test_total: 1.1882 | test_ce: 1.1521 | test_l1: 0.0362 | test_l2: 0.0000 | test_acc: 0.6343
[INFO] Saving model to: models/recurrentSNN_seed5/recurrentSNN_epoch_056.pt
Epoch: 57 | Time: 153.78725613999995 | train_total: 0.5159 | train_ce: 0.4816 | train_l1: 0.0343 | train_l2: 0.0000 | train_acc: 0.8494 | test_total: 1.0649 | test_ce: 1.0288 | test_l1: 0.0361 | test_l2: 0.0000 | test_acc: 0.6572
[INFO] Saving model to: models/recurrentSNN_seed5/recurrentSNN_epoch_057.pt
Epoch: 58 | Time: 152.62942629700046 | train_total: 0.4979 | train_ce: 0.4637 | train_l1: 0.0342 | train_l2: 0.0000 | train_acc: 0.8585 | test_total: 1.0942 | test_ce: 1.0584 | test_l1: 0.0359 | test_l2: 0.0000 | test_acc: 0.6586
[INFO] Saving model to: models/recurrentSNN_seed5/recurrentSNN_epoch_058.pt
Epoch: 59 | Time: 153.67670303900013 | train_total: 0.4953 | train_ce: 0.4620 | train_l1: 0.0333 | train_l2: 0.0000 | train_acc: 0.8596 | test_total: 1.2766 | test_ce: 1.2428 | test_l1: 0.0339 | test_l2: 0.0000 | test_acc: 0.6347
[INFO] Saving model to: models/recurrentSNN_seed5/recurrentSNN_epoch_059.pt
Epoch: 60 | Time: 153.73518961800073 | train_total: 0.5124 | train_ce: 0.4764 | train_l1: 0.0352 | train_l2: 0.0008 | train_acc: 0.8531 | test_total: 1.1945 | test_ce: 1.1585 | test_l1: 0.0361 | test_l2: 0.0000 | test_acc: 0.6462
[INFO] Saving model to: models/recurrentSNN_seed5/recurrentSNN_epoch_060.pt
Epoch: 61 | Time: 153.8673091340006 | train_total: 0.4964 | train_ce: 0.4625 | train_l1: 0.0340 | train_l2: 0.0000 | train_acc: 0.8561 | test_total: 1.1336 | test_ce: 1.0975 | test_l1: 0.0361 | test_l2: 0.0000 | test_acc: 0.6581
[INFO] Saving model to: models/recurrentSNN_seed5/recurrentSNN_epoch_061.pt
Epoch: 62 | Time: 154.04240268299873 | train_total: 0.4903 | train_ce: 0.4550 | train_l1: 0.0352 | train_l2: 0.0001 | train_acc: 0.8591 | test_total: 1.1408 | test_ce: 1.1060 | test_l1: 0.0347 | test_l2: 0.0000 | test_acc: 0.6471
[INFO] Saving model to: models/recurrentSNN_seed5/recurrentSNN_epoch_062.pt
Epoch: 63 | Time: 153.99310788100047 | train_total: 0.4920 | train_ce: 0.4574 | train_l1: 0.0346 | train_l2: 0.0000 | train_acc: 0.8603 | test_total: 1.1081 | test_ce: 1.0704 | test_l1: 0.0376 | test_l2: 0.0000 | test_acc: 0.6612
[INFO] Saving model to: models/recurrentSNN_seed5/recurrentSNN_epoch_063.pt
Epoch: 64 | Time: 153.99214683399987 | train_total: 0.4885 | train_ce: 0.4534 | train_l1: 0.0351 | train_l2: 0.0000 | train_acc: 0.8567 | test_total: 1.1123 | test_ce: 1.0740 | test_l1: 0.0383 | test_l2: 0.0000 | test_acc: 0.6674
[INFO] Saving model to: models/recurrentSNN_seed5/recurrentSNN_epoch_064.pt
Epoch: 65 | Time: 154.17872290599917 | train_total: 0.5197 | train_ce: 0.4833 | train_l1: 0.0354 | train_l2: 0.0010 | train_acc: 0.8454 | test_total: 1.2322 | test_ce: 1.1978 | test_l1: 0.0344 | test_l2: 0.0000 | test_acc: 0.6418
[INFO] Saving model to: models/recurrentSNN_seed5/recurrentSNN_epoch_065.pt
Epoch: 66 | Time: 153.41655902800085 | train_total: 0.5265 | train_ce: 0.4914 | train_l1: 0.0349 | train_l2: 0.0002 | train_acc: 0.8420 | test_total: 1.1654 | test_ce: 1.1277 | test_l1: 0.0376 | test_l2: 0.0000 | test_acc: 0.6497
[INFO] Saving model to: models/recurrentSNN_seed5/recurrentSNN_epoch_066.pt
Epoch: 67 | Time: 153.900311288 | train_total: 0.5034 | train_ce: 0.4680 | train_l1: 0.0349 | train_l2: 0.0006 | train_acc: 0.8540 | test_total: 1.1098 | test_ce: 1.0749 | test_l1: 0.0349 | test_l2: 0.0000 | test_acc: 0.6595
[INFO] Saving model to: models/recurrentSNN_seed5/recurrentSNN_epoch_067.pt
Epoch: 68 | Time: 154.09908219600038 | train_total: 0.4311 | train_ce: 0.3966 | train_l1: 0.0346 | train_l2: 0.0000 | train_acc: 0.8827 | test_total: 1.0816 | test_ce: 1.0446 | test_l1: 0.0371 | test_l2: 0.0000 | test_acc: 0.6780
[INFO] Saving model to: models/recurrentSNN_seed5/recurrentSNN_epoch_068.pt
Epoch: 69 | Time: 154.09383977799916 | train_total: 0.4214 | train_ce: 0.3862 | train_l1: 0.0352 | train_l2: 0.0000 | train_acc: 0.8849 | test_total: 1.1541 | test_ce: 1.1178 | test_l1: 0.0363 | test_l2: 0.0000 | test_acc: 0.6599
[INFO] Saving model to: models/recurrentSNN_seed5/recurrentSNN_epoch_069.pt
Epoch: 70 | Time: 153.3748796740001 | train_total: 0.4680 | train_ce: 0.4328 | train_l1: 0.0349 | train_l2: 0.0003 | train_acc: 0.8646 | test_total: 1.1412 | test_ce: 1.1044 | test_l1: 0.0368 | test_l2: 0.0000 | test_acc: 0.6475
[INFO] Saving model to: models/recurrentSNN_seed5/recurrentSNN_epoch_070.pt
Epoch: 71 | Time: 153.26209586000004 | train_total: 0.4282 | train_ce: 0.3931 | train_l1: 0.0350 | train_l2: 0.0001 | train_acc: 0.8822 | test_total: 1.0671 | test_ce: 1.0317 | test_l1: 0.0354 | test_l2: 0.0000 | test_acc: 0.6771
[INFO] Saving model to: models/recurrentSNN_seed5/recurrentSNN_epoch_071.pt
Epoch: 72 | Time: 152.9878570660003 | train_total: 0.4011 | train_ce: 0.3667 | train_l1: 0.0344 | train_l2: 0.0000 | train_acc: 0.8908 | test_total: 1.0534 | test_ce: 1.0149 | test_l1: 0.0385 | test_l2: 0.0000 | test_acc: 0.6714
[INFO] Saving model to: models/recurrentSNN_seed5/recurrentSNN_epoch_072.pt
Epoch: 73 | Time: 153.42264684200018 | train_total: 0.3948 | train_ce: 0.3595 | train_l1: 0.0353 | train_l2: 0.0000 | train_acc: 0.8950 | test_total: 1.2051 | test_ce: 1.1665 | test_l1: 0.0386 | test_l2: 0.0000 | test_acc: 0.6555
[INFO] Saving model to: models/recurrentSNN_seed5/recurrentSNN_epoch_073.pt
Epoch: 74 | Time: 153.8037673910003 | train_total: 0.4032 | train_ce: 0.3676 | train_l1: 0.0355 | train_l2: 0.0000 | train_acc: 0.8911 | test_total: 1.0561 | test_ce: 1.0155 | test_l1: 0.0406 | test_l2: 0.0000 | test_acc: 0.6749
[INFO] Saving model to: models/recurrentSNN_seed5/recurrentSNN_epoch_074.pt
Epoch: 75 | Time: 153.99019496300025 | train_total: 0.4105 | train_ce: 0.3743 | train_l1: 0.0362 | train_l2: 0.0000 | train_acc: 0.8828 | test_total: 1.0965 | test_ce: 1.0604 | test_l1: 0.0360 | test_l2: 0.0000 | test_acc: 0.6784
[INFO] Saving model to: models/recurrentSNN_seed5/recurrentSNN_epoch_075.pt
Epoch: 76 | Time: 153.87360111599992 | train_total: 0.3866 | train_ce: 0.3506 | train_l1: 0.0360 | train_l2: 0.0000 | train_acc: 0.8930 | test_total: 1.1039 | test_ce: 1.0669 | test_l1: 0.0370 | test_l2: 0.0000 | test_acc: 0.6767
[INFO] Saving model to: models/recurrentSNN_seed5/recurrentSNN_epoch_076.pt
Epoch: 77 | Time: 154.11822631999894 | train_total: 0.3733 | train_ce: 0.3376 | train_l1: 0.0357 | train_l2: 0.0000 | train_acc: 0.8966 | test_total: 1.0684 | test_ce: 1.0285 | test_l1: 0.0399 | test_l2: 0.0000 | test_acc: 0.6824
[INFO] Saving model to: models/recurrentSNN_seed5/recurrentSNN_epoch_077.pt
Epoch: 78 | Time: 153.73377553799946 | train_total: 0.3787 | train_ce: 0.3427 | train_l1: 0.0361 | train_l2: 0.0000 | train_acc: 0.8959 | test_total: 1.1428 | test_ce: 1.1066 | test_l1: 0.0362 | test_l2: 0.0000 | test_acc: 0.6784
[INFO] Saving model to: models/recurrentSNN_seed5/recurrentSNN_epoch_078.pt
Epoch: 79 | Time: 153.57672533799996 | train_total: 0.3823 | train_ce: 0.3470 | train_l1: 0.0353 | train_l2: 0.0000 | train_acc: 0.8928 | test_total: 1.0189 | test_ce: 0.9805 | test_l1: 0.0384 | test_l2: 0.0000 | test_acc: 0.6992
[INFO] Saving model to: models/recurrentSNN_seed5/recurrentSNN_epoch_079.pt
Epoch: 80 | Time: 153.74521182699937 | train_total: 0.3842 | train_ce: 0.3476 | train_l1: 0.0365 | train_l2: 0.0001 | train_acc: 0.8928 | test_total: 1.1778 | test_ce: 1.1417 | test_l1: 0.0361 | test_l2: 0.0000 | test_acc: 0.6612
[INFO] Saving model to: models/recurrentSNN_seed5/recurrentSNN_epoch_080.pt
Epoch: 81 | Time: 154.28575402599927 | train_total: 0.3877 | train_ce: 0.3512 | train_l1: 0.0363 | train_l2: 0.0002 | train_acc: 0.8917 | test_total: 1.2087 | test_ce: 1.1709 | test_l1: 0.0378 | test_l2: 0.0000 | test_acc: 0.6546
[INFO] Saving model to: models/recurrentSNN_seed5/recurrentSNN_epoch_081.pt
Epoch: 82 | Time: 153.6236246510016 | train_total: 0.3740 | train_ce: 0.3376 | train_l1: 0.0358 | train_l2: 0.0007 | train_acc: 0.8969 | test_total: 1.2046 | test_ce: 1.1705 | test_l1: 0.0341 | test_l2: 0.0000 | test_acc: 0.6612
[INFO] Saving model to: models/recurrentSNN_seed5/recurrentSNN_epoch_082.pt
Epoch: 83 | Time: 153.61083529499956 | train_total: 0.3614 | train_ce: 0.3258 | train_l1: 0.0353 | train_l2: 0.0003 | train_acc: 0.9035 | test_total: 1.1302 | test_ce: 1.0954 | test_l1: 0.0348 | test_l2: 0.0000 | test_acc: 0.6829
[INFO] Saving model to: models/recurrentSNN_seed5/recurrentSNN_epoch_083.pt
Epoch: 84 | Time: 153.30486102299983 | train_total: 0.3683 | train_ce: 0.3333 | train_l1: 0.0346 | train_l2: 0.0004 | train_acc: 0.8971 | test_total: 1.1542 | test_ce: 1.1184 | test_l1: 0.0359 | test_l2: 0.0000 | test_acc: 0.6749
[INFO] Saving model to: models/recurrentSNN_seed5/recurrentSNN_epoch_084.pt
Epoch: 85 | Time: 152.90133201299977 | train_total: 0.3472 | train_ce: 0.3118 | train_l1: 0.0354 | train_l2: 0.0000 | train_acc: 0.9056 | test_total: 1.1069 | test_ce: 1.0705 | test_l1: 0.0363 | test_l2: 0.0000 | test_acc: 0.6670
[INFO] Saving model to: models/recurrentSNN_seed5/recurrentSNN_epoch_085.pt
Epoch: 86 | Time: 153.01295509600095 | train_total: 0.3710 | train_ce: 0.3355 | train_l1: 0.0354 | train_l2: 0.0001 | train_acc: 0.8950 | test_total: 1.0259 | test_ce: 0.9867 | test_l1: 0.0392 | test_l2: 0.0000 | test_acc: 0.6833
[INFO] Saving model to: models/recurrentSNN_seed5/recurrentSNN_epoch_086.pt
Epoch: 87 | Time: 153.9481409199998 | train_total: 0.3315 | train_ce: 0.2966 | train_l1: 0.0348 | train_l2: 0.0000 | train_acc: 0.9104 | test_total: 1.0127 | test_ce: 0.9748 | test_l1: 0.0379 | test_l2: 0.0000 | test_acc: 0.6979
[INFO] Saving model to: models/recurrentSNN_seed5/recurrentSNN_epoch_087.pt
Epoch: 88 | Time: 154.02892975400027 | train_total: 0.3508 | train_ce: 0.3159 | train_l1: 0.0349 | train_l2: 0.0001 | train_acc: 0.9014 | test_total: 1.0707 | test_ce: 1.0339 | test_l1: 0.0367 | test_l2: 0.0000 | test_acc: 0.6908
[INFO] Saving model to: models/recurrentSNN_seed5/recurrentSNN_epoch_088.pt
Epoch: 89 | Time: 153.99723678200098 | train_total: 0.3456 | train_ce: 0.3085 | train_l1: 0.0366 | train_l2: 0.0005 | train_acc: 0.9058 | test_total: 1.0586 | test_ce: 1.0203 | test_l1: 0.0383 | test_l2: 0.0000 | test_acc: 0.6926
[INFO] Saving model to: models/recurrentSNN_seed5/recurrentSNN_epoch_089.pt
Epoch: 90 | Time: 153.84495656299987 | train_total: 0.3320 | train_ce: 0.2971 | train_l1: 0.0348 | train_l2: 0.0002 | train_acc: 0.9112 | test_total: 1.1803 | test_ce: 1.1433 | test_l1: 0.0370 | test_l2: 0.0000 | test_acc: 0.6762
[INFO] Saving model to: models/recurrentSNN_seed5/recurrentSNN_epoch_090.pt
Epoch: 91 | Time: 153.35033191299954 | train_total: 0.3503 | train_ce: 0.3156 | train_l1: 0.0344 | train_l2: 0.0004 | train_acc: 0.9029 | test_total: 1.1031 | test_ce: 1.0666 | test_l1: 0.0365 | test_l2: 0.0000 | test_acc: 0.6802
[INFO] Saving model to: models/recurrentSNN_seed5/recurrentSNN_epoch_091.pt
Epoch: 92 | Time: 153.67028031800146 | train_total: 0.3105 | train_ce: 0.2750 | train_l1: 0.0352 | train_l2: 0.0003 | train_acc: 0.9176 | test_total: 1.0128 | test_ce: 0.9749 | test_l1: 0.0379 | test_l2: 0.0000 | test_acc: 0.7058
[INFO] Saving model to: models/recurrentSNN_seed5/recurrentSNN_epoch_092.pt
Epoch: 93 | Time: 153.917673300999 | train_total: 0.3411 | train_ce: 0.3063 | train_l1: 0.0346 | train_l2: 0.0002 | train_acc: 0.9061 | test_total: 1.0229 | test_ce: 0.9843 | test_l1: 0.0387 | test_l2: 0.0000 | test_acc: 0.7111
[INFO] Saving model to: models/recurrentSNN_seed5/recurrentSNN_epoch_093.pt
Epoch: 94 | Time: 153.99378833800074 | train_total: 0.3338 | train_ce: 0.2995 | train_l1: 0.0343 | train_l2: 0.0001 | train_acc: 0.9036 | test_total: 1.0339 | test_ce: 0.9951 | test_l1: 0.0388 | test_l2: 0.0000 | test_acc: 0.7005
[INFO] Saving model to: models/recurrentSNN_seed5/recurrentSNN_epoch_094.pt
Epoch: 95 | Time: 153.48085754299973 | train_total: 0.3325 | train_ce: 0.2971 | train_l1: 0.0351 | train_l2: 0.0003 | train_acc: 0.9099 | test_total: 1.0375 | test_ce: 0.9996 | test_l1: 0.0379 | test_l2: 0.0000 | test_acc: 0.7019
[INFO] Saving model to: models/recurrentSNN_seed5/recurrentSNN_epoch_095.pt
Epoch: 96 | Time: 153.2074087000001 | train_total: 0.3381 | train_ce: 0.3020 | train_l1: 0.0360 | train_l2: 0.0002 | train_acc: 0.9003 | test_total: 1.0904 | test_ce: 1.0526 | test_l1: 0.0378 | test_l2: 0.0000 | test_acc: 0.7014
[INFO] Saving model to: models/recurrentSNN_seed5/recurrentSNN_epoch_096.pt
Epoch: 97 | Time: 152.2845798870003 | train_total: 0.3103 | train_ce: 0.2754 | train_l1: 0.0348 | train_l2: 0.0001 | train_acc: 0.9145 | test_total: 1.0670 | test_ce: 1.0301 | test_l1: 0.0369 | test_l2: 0.0000 | test_acc: 0.6948
[INFO] Saving model to: models/recurrentSNN_seed5/recurrentSNN_epoch_097.pt
Epoch: 98 | Time: 151.82123040499937 | train_total: 0.2727 | train_ce: 0.2383 | train_l1: 0.0343 | train_l2: 0.0000 | train_acc: 0.9351 | test_total: 1.0744 | test_ce: 1.0386 | test_l1: 0.0358 | test_l2: 0.0000 | test_acc: 0.6943
[INFO] Saving model to: models/recurrentSNN_seed5/recurrentSNN_epoch_098.pt
Epoch: 99 | Time: 151.9630152699974 | train_total: 0.2855 | train_ce: 0.2506 | train_l1: 0.0349 | train_l2: 0.0000 | train_acc: 0.9284 | test_total: 1.0317 | test_ce: 0.9936 | test_l1: 0.0382 | test_l2: 0.0000 | test_acc: 0.7041
[INFO] Saving model to: models/recurrentSNN_seed5/recurrentSNN_epoch_099.pt
Epoch: 100 | Time: 151.52038524599993 | train_total: 0.2979 | train_ce: 0.2616 | train_l1: 0.0359 | train_l2: 0.0004 | train_acc: 0.9214 | test_total: 1.0839 | test_ce: 1.0482 | test_l1: 0.0357 | test_l2: 0.0000 | test_acc: 0.6807
[INFO] Saving model to: models/recurrentSNN_seed5/recurrentSNN_epoch_100.pt
Epoch: 101 | Time: 151.54692559999967 | train_total: 0.2969 | train_ce: 0.2632 | train_l1: 0.0337 | train_l2: 0.0000 | train_acc: 0.9205 | test_total: 1.1243 | test_ce: 1.0887 | test_l1: 0.0356 | test_l2: 0.0000 | test_acc: 0.6802
[INFO] Saving model to: models/recurrentSNN_seed5/recurrentSNN_epoch_101.pt
Epoch: 102 | Time: 151.4941900829981 | train_total: 0.2839 | train_ce: 0.2477 | train_l1: 0.0361 | train_l2: 0.0000 | train_acc: 0.9270 | test_total: 1.1416 | test_ce: 1.1027 | test_l1: 0.0390 | test_l2: 0.0000 | test_acc: 0.6846
[INFO] Saving model to: models/recurrentSNN_seed5/recurrentSNN_epoch_102.pt
Epoch: 103 | Time: 151.44300252600078 | train_total: 0.2745 | train_ce: 0.2395 | train_l1: 0.0348 | train_l2: 0.0001 | train_acc: 0.9315 | test_total: 1.0683 | test_ce: 1.0305 | test_l1: 0.0378 | test_l2: 0.0000 | test_acc: 0.6921
[INFO] Saving model to: models/recurrentSNN_seed5/recurrentSNN_epoch_103.pt
Epoch: 104 | Time: 151.70838422499946 | train_total: 0.3018 | train_ce: 0.2667 | train_l1: 0.0350 | train_l2: 0.0001 | train_acc: 0.9201 | test_total: 1.0574 | test_ce: 1.0171 | test_l1: 0.0403 | test_l2: 0.0000 | test_acc: 0.7001
[INFO] Saving model to: models/recurrentSNN_seed5/recurrentSNN_epoch_104.pt
Epoch: 105 | Time: 151.9896401320002 | train_total: 0.3106 | train_ce: 0.2746 | train_l1: 0.0348 | train_l2: 0.0012 | train_acc: 0.9197 | test_total: 1.0775 | test_ce: 1.0363 | test_l1: 0.0412 | test_l2: 0.0000 | test_acc: 0.6908
[INFO] Saving model to: models/recurrentSNN_seed5/recurrentSNN_epoch_105.pt
Epoch: 106 | Time: 152.3860380920014 | train_total: 0.2765 | train_ce: 0.2408 | train_l1: 0.0352 | train_l2: 0.0005 | train_acc: 0.9285 | test_total: 1.1725 | test_ce: 1.1368 | test_l1: 0.0357 | test_l2: 0.0000 | test_acc: 0.6798
[INFO] Saving model to: models/recurrentSNN_seed5/recurrentSNN_epoch_106.pt
Epoch: 107 | Time: 152.31066768399978 | train_total: 0.2701 | train_ce: 0.2365 | train_l1: 0.0335 | train_l2: 0.0001 | train_acc: 0.9305 | test_total: 1.0784 | test_ce: 1.0427 | test_l1: 0.0357 | test_l2: 0.0000 | test_acc: 0.6855
[INFO] Saving model to: models/recurrentSNN_seed5/recurrentSNN_epoch_107.pt
Epoch: 108 | Time: 151.62922259100014 | train_total: 0.2501 | train_ce: 0.2164 | train_l1: 0.0333 | train_l2: 0.0004 | train_acc: 0.9370 | test_total: 1.0725 | test_ce: 1.0363 | test_l1: 0.0362 | test_l2: 0.0000 | test_acc: 0.7019
[INFO] Saving model to: models/recurrentSNN_seed5/recurrentSNN_epoch_108.pt
Epoch: 109 | Time: 152.5118103169989 | train_total: 0.2736 | train_ce: 0.2384 | train_l1: 0.0341 | train_l2: 0.0011 | train_acc: 0.9294 | test_total: 1.1305 | test_ce: 1.0934 | test_l1: 0.0372 | test_l2: 0.0000 | test_acc: 0.6913
[INFO] Saving model to: models/recurrentSNN_seed5/recurrentSNN_epoch_109.pt
Epoch: 110 | Time: 152.57450063500073 | train_total: 0.2724 | train_ce: 0.2375 | train_l1: 0.0344 | train_l2: 0.0006 | train_acc: 0.9277 | test_total: 1.0749 | test_ce: 1.0375 | test_l1: 0.0374 | test_l2: 0.0000 | test_acc: 0.7036
[INFO] Saving model to: models/recurrentSNN_seed5/recurrentSNN_epoch_110.pt
Epoch: 111 | Time: 151.83798385800037 | train_total: 0.2458 | train_ce: 0.2126 | train_l1: 0.0330 | train_l2: 0.0002 | train_acc: 0.9391 | test_total: 0.9938 | test_ce: 0.9577 | test_l1: 0.0361 | test_l2: 0.0000 | test_acc: 0.6996
[INFO] Saving model to: models/recurrentSNN_seed5/recurrentSNN_epoch_111.pt
Epoch: 112 | Time: 151.96936459900098 | train_total: 0.2421 | train_ce: 0.2078 | train_l1: 0.0341 | train_l2: 0.0003 | train_acc: 0.9407 | test_total: 0.9850 | test_ce: 0.9452 | test_l1: 0.0398 | test_l2: 0.0000 | test_acc: 0.7116
[INFO] Saving model to: models/recurrentSNN_seed5/recurrentSNN_epoch_112.pt
Epoch: 113 | Time: 151.93567197000084 | train_total: 0.2322 | train_ce: 0.1970 | train_l1: 0.0350 | train_l2: 0.0002 | train_acc: 0.9467 | test_total: 1.0814 | test_ce: 1.0456 | test_l1: 0.0358 | test_l2: 0.0000 | test_acc: 0.6970
[INFO] Saving model to: models/recurrentSNN_seed5/recurrentSNN_epoch_113.pt
Epoch: 114 | Time: 152.68828612799916 | train_total: 0.2299 | train_ce: 0.1962 | train_l1: 0.0337 | train_l2: 0.0000 | train_acc: 0.9463 | test_total: 1.0315 | test_ce: 0.9944 | test_l1: 0.0371 | test_l2: 0.0000 | test_acc: 0.7076
[INFO] Saving model to: models/recurrentSNN_seed5/recurrentSNN_epoch_114.pt
Epoch: 115 | Time: 152.6095597530002 | train_total: 0.2294 | train_ce: 0.1952 | train_l1: 0.0339 | train_l2: 0.0003 | train_acc: 0.9464 | test_total: 1.0015 | test_ce: 0.9633 | test_l1: 0.0382 | test_l2: 0.0000 | test_acc: 0.7164
[INFO] Saving model to: models/recurrentSNN_seed5/recurrentSNN_epoch_115.pt
Epoch: 116 | Time: 151.83001814100135 | train_total: 0.2441 | train_ce: 0.2096 | train_l1: 0.0342 | train_l2: 0.0003 | train_acc: 0.9409 | test_total: 1.2613 | test_ce: 1.2260 | test_l1: 0.0353 | test_l2: 0.0000 | test_acc: 0.6793
[INFO] Saving model to: models/recurrentSNN_seed5/recurrentSNN_epoch_116.pt
Epoch: 117 | Time: 152.08403592600007 | train_total: 0.2384 | train_ce: 0.2042 | train_l1: 0.0339 | train_l2: 0.0003 | train_acc: 0.9402 | test_total: 1.1501 | test_ce: 1.1143 | test_l1: 0.0358 | test_l2: 0.0000 | test_acc: 0.6939
[INFO] Saving model to: models/recurrentSNN_seed5/recurrentSNN_epoch_117.pt
Epoch: 118 | Time: 152.25162648900005 | train_total: 0.2336 | train_ce: 0.1995 | train_l1: 0.0340 | train_l2: 0.0001 | train_acc: 0.9396 | test_total: 1.2649 | test_ce: 1.2308 | test_l1: 0.0341 | test_l2: 0.0000 | test_acc: 0.6718
[INFO] Saving model to: models/recurrentSNN_seed5/recurrentSNN_epoch_118.pt
Epoch: 119 | Time: 152.37981104799837 | train_total: 0.2910 | train_ce: 0.2567 | train_l1: 0.0337 | train_l2: 0.0006 | train_acc: 0.9197 | test_total: 1.1593 | test_ce: 1.1220 | test_l1: 0.0372 | test_l2: 0.0000 | test_acc: 0.6762
[INFO] Saving model to: models/recurrentSNN_seed5/recurrentSNN_epoch_119.pt
Epoch: 120 | Time: 152.0880178590014 | train_total: 0.3795 | train_ce: 0.3428 | train_l1: 0.0344 | train_l2: 0.0022 | train_acc: 0.8863 | test_total: 1.1193 | test_ce: 1.0787 | test_l1: 0.0406 | test_l2: 0.0000 | test_acc: 0.6873
[INFO] Saving model to: models/recurrentSNN_seed5/recurrentSNN_epoch_120.pt
Epoch: 121 | Time: 151.48033736300204 | train_total: 0.3154 | train_ce: 0.2820 | train_l1: 0.0333 | train_l2: 0.0001 | train_acc: 0.9122 | test_total: 1.0870 | test_ce: 1.0537 | test_l1: 0.0333 | test_l2: 0.0000 | test_acc: 0.6974
[INFO] Saving model to: models/recurrentSNN_seed5/recurrentSNN_epoch_121.pt
Epoch: 122 | Time: 151.73965048299942 | train_total: 0.2458 | train_ce: 0.2127 | train_l1: 0.0328 | train_l2: 0.0004 | train_acc: 0.9370 | test_total: 1.2861 | test_ce: 1.2539 | test_l1: 0.0322 | test_l2: 0.0000 | test_acc: 0.6736
[INFO] Saving model to: models/recurrentSNN_seed5/recurrentSNN_epoch_122.pt
Epoch: 123 | Time: 152.31487216400274 | train_total: 0.2264 | train_ce: 0.1944 | train_l1: 0.0319 | train_l2: 0.0001 | train_acc: 0.9465 | test_total: 1.1192 | test_ce: 1.0855 | test_l1: 0.0337 | test_l2: 0.0000 | test_acc: 0.6966
[INFO] Saving model to: models/recurrentSNN_seed5/recurrentSNN_epoch_123.pt
Epoch: 124 | Time: 152.40673951400095 | train_total: 0.2033 | train_ce: 0.1714 | train_l1: 0.0318 | train_l2: 0.0001 | train_acc: 0.9551 | test_total: 1.0808 | test_ce: 1.0463 | test_l1: 0.0345 | test_l2: 0.0000 | test_acc: 0.7067
[INFO] Saving model to: models/recurrentSNN_seed5/recurrentSNN_epoch_124.pt
Epoch: 125 | Time: 152.24320252600228 | train_total: 0.2034 | train_ce: 0.1716 | train_l1: 0.0316 | train_l2: 0.0001 | train_acc: 0.9519 | test_total: 1.1270 | test_ce: 1.0936 | test_l1: 0.0334 | test_l2: 0.0000 | test_acc: 0.6943
[INFO] Saving model to: models/recurrentSNN_seed5/recurrentSNN_epoch_125.pt
Epoch: 126 | Time: 152.50573877699935 | train_total: 0.2269 | train_ce: 0.1955 | train_l1: 0.0313 | train_l2: 0.0000 | train_acc: 0.9443 | test_total: 1.2451 | test_ce: 1.2120 | test_l1: 0.0331 | test_l2: 0.0000 | test_acc: 0.6846
[INFO] Saving model to: models/recurrentSNN_seed5/recurrentSNN_epoch_126.pt
Epoch: 127 | Time: 151.6967751560005 | train_total: 0.2126 | train_ce: 0.1794 | train_l1: 0.0327 | train_l2: 0.0005 | train_acc: 0.9505 | test_total: 1.1353 | test_ce: 1.1000 | test_l1: 0.0353 | test_l2: 0.0000 | test_acc: 0.6908
[INFO] Saving model to: models/recurrentSNN_seed5/recurrentSNN_epoch_127.pt
Epoch: 128 | Time: 152.67691503600145 | train_total: 0.1958 | train_ce: 0.1635 | train_l1: 0.0322 | train_l2: 0.0002 | train_acc: 0.9570 | test_total: 1.1551 | test_ce: 1.1216 | test_l1: 0.0334 | test_l2: 0.0000 | test_acc: 0.6904
[INFO] Saving model to: models/recurrentSNN_seed5/recurrentSNN_epoch_128.pt
Epoch: 129 | Time: 152.19380286899832 | train_total: 0.1911 | train_ce: 0.1597 | train_l1: 0.0314 | train_l2: 0.0000 | train_acc: 0.9584 | test_total: 1.0686 | test_ce: 1.0322 | test_l1: 0.0364 | test_l2: 0.0000 | test_acc: 0.7019
[INFO] Saving model to: models/recurrentSNN_seed5/recurrentSNN_epoch_129.pt
Epoch: 130 | Time: 151.78963026600104 | train_total: 0.1999 | train_ce: 0.1680 | train_l1: 0.0318 | train_l2: 0.0000 | train_acc: 0.9551 | test_total: 1.0088 | test_ce: 0.9729 | test_l1: 0.0359 | test_l2: 0.0000 | test_acc: 0.7204
[INFO] Saving model to: models/recurrentSNN_seed5/recurrentSNN_epoch_130.pt
Epoch: 131 | Time: 151.94257101100084 | train_total: 0.1889 | train_ce: 0.1564 | train_l1: 0.0324 | train_l2: 0.0002 | train_acc: 0.9599 | test_total: 1.0742 | test_ce: 1.0396 | test_l1: 0.0345 | test_l2: 0.0000 | test_acc: 0.7054
[INFO] Saving model to: models/recurrentSNN_seed5/recurrentSNN_epoch_131.pt
Epoch: 132 | Time: 151.425480468999 | train_total: 0.1918 | train_ce: 0.1606 | train_l1: 0.0312 | train_l2: 0.0000 | train_acc: 0.9575 | test_total: 1.1089 | test_ce: 1.0760 | test_l1: 0.0329 | test_l2: 0.0000 | test_acc: 0.7027
[INFO] Saving model to: models/recurrentSNN_seed5/recurrentSNN_epoch_132.pt
Epoch: 133 | Time: 152.1506971589988 | train_total: 0.1869 | train_ce: 0.1552 | train_l1: 0.0316 | train_l2: 0.0000 | train_acc: 0.9600 | test_total: 1.0848 | test_ce: 1.0488 | test_l1: 0.0359 | test_l2: 0.0000 | test_acc: 0.7107
[INFO] Saving model to: models/recurrentSNN_seed5/recurrentSNN_epoch_133.pt
Epoch: 134 | Time: 152.57462998600022 | train_total: 0.2066 | train_ce: 0.1739 | train_l1: 0.0325 | train_l2: 0.0003 | train_acc: 0.9528 | test_total: 1.1390 | test_ce: 1.1043 | test_l1: 0.0348 | test_l2: 0.0000 | test_acc: 0.6935
[INFO] Saving model to: models/recurrentSNN_seed5/recurrentSNN_epoch_134.pt
Epoch: 135 | Time: 152.56766733399854 | train_total: 0.2333 | train_ce: 0.1996 | train_l1: 0.0336 | train_l2: 0.0000 | train_acc: 0.9408 | test_total: 1.2021 | test_ce: 1.1642 | test_l1: 0.0379 | test_l2: 0.0000 | test_acc: 0.6970
[INFO] Saving model to: models/recurrentSNN_seed5/recurrentSNN_epoch_135.pt
Epoch: 136 | Time: 152.43222022999907 | train_total: 0.2274 | train_ce: 0.1928 | train_l1: 0.0338 | train_l2: 0.0008 | train_acc: 0.9426 | test_total: 1.1577 | test_ce: 1.1240 | test_l1: 0.0337 | test_l2: 0.0000 | test_acc: 0.6913
[INFO] Saving model to: models/recurrentSNN_seed5/recurrentSNN_epoch_136.pt
Epoch: 137 | Time: 152.57033509300163 | train_total: 0.1945 | train_ce: 0.1619 | train_l1: 0.0319 | train_l2: 0.0007 | train_acc: 0.9561 | test_total: 1.1129 | test_ce: 1.0793 | test_l1: 0.0336 | test_l2: 0.0000 | test_acc: 0.6961
[INFO] Saving model to: models/recurrentSNN_seed5/recurrentSNN_epoch_137.pt
Epoch: 138 | Time: 152.52316995699948 | train_total: 0.1766 | train_ce: 0.1449 | train_l1: 0.0317 | train_l2: 0.0001 | train_acc: 0.9649 | test_total: 1.1679 | test_ce: 1.1344 | test_l1: 0.0336 | test_l2: 0.0000 | test_acc: 0.6992
[INFO] Saving model to: models/recurrentSNN_seed5/recurrentSNN_epoch_138.pt
Epoch: 139 | Time: 152.48366237899972 | train_total: 0.1875 | train_ce: 0.1552 | train_l1: 0.0323 | train_l2: 0.0000 | train_acc: 0.9588 | test_total: 1.1410 | test_ce: 1.1080 | test_l1: 0.0331 | test_l2: 0.0000 | test_acc: 0.7036
[INFO] Saving model to: models/recurrentSNN_seed5/recurrentSNN_epoch_139.pt
Epoch: 140 | Time: 152.2613516650017 | train_total: 0.2066 | train_ce: 0.1744 | train_l1: 0.0320 | train_l2: 0.0002 | train_acc: 0.9502 | test_total: 1.1507 | test_ce: 1.1165 | test_l1: 0.0343 | test_l2: 0.0000 | test_acc: 0.7058
[INFO] Saving model to: models/recurrentSNN_seed5/recurrentSNN_epoch_140.pt
Epoch: 141 | Time: 151.71644653299882 | train_total: 0.1938 | train_ce: 0.1616 | train_l1: 0.0320 | train_l2: 0.0002 | train_acc: 0.9566 | test_total: 1.1527 | test_ce: 1.1181 | test_l1: 0.0346 | test_l2: 0.0000 | test_acc: 0.6979
[INFO] Saving model to: models/recurrentSNN_seed5/recurrentSNN_epoch_141.pt
Epoch: 142 | Time: 151.2383968840004 | train_total: 0.1778 | train_ce: 0.1456 | train_l1: 0.0322 | train_l2: 0.0000 | train_acc: 0.9622 | test_total: 1.1326 | test_ce: 1.0975 | test_l1: 0.0351 | test_l2: 0.0000 | test_acc: 0.7129
[INFO] Saving model to: models/recurrentSNN_seed5/recurrentSNN_epoch_142.pt
Epoch: 143 | Time: 152.01851815199916 | train_total: 0.1719 | train_ce: 0.1396 | train_l1: 0.0322 | train_l2: 0.0001 | train_acc: 0.9646 | test_total: 1.1762 | test_ce: 1.1413 | test_l1: 0.0349 | test_l2: 0.0000 | test_acc: 0.7036
[INFO] Saving model to: models/recurrentSNN_seed5/recurrentSNN_epoch_143.pt
Epoch: 144 | Time: 152.17598948500017 | train_total: 0.1870 | train_ce: 0.1550 | train_l1: 0.0319 | train_l2: 0.0001 | train_acc: 0.9566 | test_total: 1.3011 | test_ce: 1.2673 | test_l1: 0.0338 | test_l2: 0.0000 | test_acc: 0.6952
[INFO] Saving model to: models/recurrentSNN_seed5/recurrentSNN_epoch_144.pt
Epoch: 145 | Time: 151.57856716099923 | train_total: 0.1924 | train_ce: 0.1613 | train_l1: 0.0312 | train_l2: 0.0000 | train_acc: 0.9545 | test_total: 1.1388 | test_ce: 1.1055 | test_l1: 0.0333 | test_l2: 0.0000 | test_acc: 0.7076
[INFO] Saving model to: models/recurrentSNN_seed5/recurrentSNN_epoch_145.pt
Epoch: 146 | Time: 151.93547741200018 | train_total: 0.1749 | train_ce: 0.1425 | train_l1: 0.0324 | train_l2: 0.0000 | train_acc: 0.9626 | test_total: 1.1224 | test_ce: 1.0881 | test_l1: 0.0343 | test_l2: 0.0000 | test_acc: 0.7125
[INFO] Saving model to: models/recurrentSNN_seed5/recurrentSNN_epoch_146.pt
Epoch: 147 | Time: 151.59362492500077 | train_total: 0.1794 | train_ce: 0.1477 | train_l1: 0.0317 | train_l2: 0.0000 | train_acc: 0.9588 | test_total: 1.2050 | test_ce: 1.1695 | test_l1: 0.0355 | test_l2: 0.0000 | test_acc: 0.7019
[INFO] Saving model to: models/recurrentSNN_seed5/recurrentSNN_epoch_147.pt
Epoch: 148 | Time: 151.26366844000222 | train_total: 0.1916 | train_ce: 0.1599 | train_l1: 0.0315 | train_l2: 0.0002 | train_acc: 0.9560 | test_total: 1.1855 | test_ce: 1.1518 | test_l1: 0.0337 | test_l2: 0.0000 | test_acc: 0.6983
[INFO] Saving model to: models/recurrentSNN_seed5/recurrentSNN_epoch_148.pt
Epoch: 149 | Time: 151.27353471600145 | train_total: 0.2062 | train_ce: 0.1721 | train_l1: 0.0338 | train_l2: 0.0002 | train_acc: 0.9465 | test_total: 1.2560 | test_ce: 1.2212 | test_l1: 0.0348 | test_l2: 0.0000 | test_acc: 0.6815
[INFO] Saving model to: models/recurrentSNN_seed5/recurrentSNN_epoch_149.pt
Epoch: 150 | Time: 151.2755153270009 | train_total: 0.1905 | train_ce: 0.1573 | train_l1: 0.0331 | train_l2: 0.0000 | train_acc: 0.9551 | test_total: 1.3307 | test_ce: 1.2954 | test_l1: 0.0353 | test_l2: 0.0000 | test_acc: 0.6833
[INFO] Saving model to: models/recurrentSNN_seed5/recurrentSNN_epoch_150.pt
