Task 1: arch=recurrent seed=1
[INFO] Created SummaryWriter, saving to: runs/2026-08-07/test_runs/recurrentSNN/bs256_seed1...
Epoch: 1 | Time: 152.72612311899996 | train_total: 2.9447 | train_ce: 2.9447 | train_l1: 0.0000 | train_l2: 0.0000 | train_acc: 0.0947 | test_total: 2.8634 | test_ce: 2.8634 | test_l1: 0.0000 | test_l2: 0.0000 | test_acc: 0.1374
[INFO] Saving model to: models/recurrentSNN_seed1/recurrentSNN_epoch_001.pt
Epoch: 2 | Time: 153.710472003 | train_total: 2.8013 | train_ce: 2.8013 | train_l1: 0.0000 | train_l2: 0.0000 | train_acc: 0.1656 | test_total: 2.6983 | test_ce: 2.6983 | test_l1: 0.0000 | test_l2: 0.0000 | test_acc: 0.2063
[INFO] Saving model to: models/recurrentSNN_seed1/recurrentSNN_epoch_002.pt
Epoch: 3 | Time: 155.22895027900006 | train_total: 2.6441 | train_ce: 2.6441 | train_l1: 0.0000 | train_l2: 0.0000 | train_acc: 0.2346 | test_total: 2.5371 | test_ce: 2.5370 | test_l1: 0.0001 | test_l2: 0.0000 | test_acc: 0.2456
[INFO] Saving model to: models/recurrentSNN_seed1/recurrentSNN_epoch_003.pt
Epoch: 4 | Time: 155.798258249 | train_total: 2.4833 | train_ce: 2.4832 | train_l1: 0.0001 | train_l2: 0.0000 | train_acc: 0.2738 | test_total: 2.3766 | test_ce: 2.3764 | test_l1: 0.0001 | test_l2: 0.0000 | test_acc: 0.2668
[INFO] Saving model to: models/recurrentSNN_seed1/recurrentSNN_epoch_004.pt
Epoch: 5 | Time: 155.94935896699997 | train_total: 2.3210 | train_ce: 2.3208 | train_l1: 0.0002 | train_l2: 0.0000 | train_acc: 0.3000 | test_total: 2.2191 | test_ce: 2.2187 | test_l1: 0.0004 | test_l2: 0.0000 | test_acc: 0.3242
[INFO] Saving model to: models/recurrentSNN_seed1/recurrentSNN_epoch_005.pt
Epoch: 6 | Time: 155.88237799000012 | train_total: 2.1714 | train_ce: 2.1708 | train_l1: 0.0007 | train_l2: 0.0000 | train_acc: 0.3341 | test_total: 2.0550 | test_ce: 2.0537 | test_l1: 0.0013 | test_l2: 0.0000 | test_acc: 0.3746
[INFO] Saving model to: models/recurrentSNN_seed1/recurrentSNN_epoch_006.pt
Epoch: 7 | Time: 155.93494332499995 | train_total: 2.0588 | train_ce: 2.0573 | train_l1: 0.0015 | train_l2: 0.0000 | train_acc: 0.3715 | test_total: 1.9907 | test_ce: 1.9882 | test_l1: 0.0025 | test_l2: 0.0000 | test_acc: 0.3741
[INFO] Saving model to: models/recurrentSNN_seed1/recurrentSNN_epoch_007.pt
Epoch: 8 | Time: 156.09133187099997 | train_total: 1.9603 | train_ce: 1.9578 | train_l1: 0.0025 | train_l2: 0.0000 | train_acc: 0.3922 | test_total: 1.8939 | test_ce: 1.8897 | test_l1: 0.0042 | test_l2: 0.0000 | test_acc: 0.4178
[INFO] Saving model to: models/recurrentSNN_seed1/recurrentSNN_epoch_008.pt
Epoch: 9 | Time: 155.89767193700004 | train_total: 1.8611 | train_ce: 1.8580 | train_l1: 0.0031 | train_l2: 0.0000 | train_acc: 0.4344 | test_total: 1.7535 | test_ce: 1.7486 | test_l1: 0.0049 | test_l2: 0.0000 | test_acc: 0.4439
[INFO] Saving model to: models/recurrentSNN_seed1/recurrentSNN_epoch_009.pt
Epoch: 10 | Time: 156.19564021500014 | train_total: 1.7587 | train_ce: 1.7546 | train_l1: 0.0041 | train_l2: 0.0000 | train_acc: 0.4421 | test_total: 1.6766 | test_ce: 1.6709 | test_l1: 0.0057 | test_l2: 0.0000 | test_acc: 0.4377
[INFO] Saving model to: models/recurrentSNN_seed1/recurrentSNN_epoch_010.pt
Epoch: 11 | Time: 155.86747543399997 | train_total: 1.6688 | train_ce: 1.6645 | train_l1: 0.0043 | train_l2: 0.0000 | train_acc: 0.4651 | test_total: 1.6456 | test_ce: 1.6399 | test_l1: 0.0058 | test_l2: 0.0000 | test_acc: 0.4545
[INFO] Saving model to: models/recurrentSNN_seed1/recurrentSNN_epoch_011.pt
Epoch: 12 | Time: 155.94906865699977 | train_total: 1.5977 | train_ce: 1.5929 | train_l1: 0.0048 | train_l2: 0.0000 | train_acc: 0.4977 | test_total: 1.5778 | test_ce: 1.5719 | test_l1: 0.0059 | test_l2: 0.0000 | test_acc: 0.4757
[INFO] Saving model to: models/recurrentSNN_seed1/recurrentSNN_epoch_012.pt
Epoch: 13 | Time: 155.91150036699992 | train_total: 1.5368 | train_ce: 1.5318 | train_l1: 0.0050 | train_l2: 0.0000 | train_acc: 0.5139 | test_total: 1.5465 | test_ce: 1.5395 | test_l1: 0.0070 | test_l2: 0.0000 | test_acc: 0.4982
[INFO] Saving model to: models/recurrentSNN_seed1/recurrentSNN_epoch_013.pt
Epoch: 14 | Time: 155.83165901999973 | train_total: 1.4866 | train_ce: 1.4810 | train_l1: 0.0056 | train_l2: 0.0000 | train_acc: 0.5283 | test_total: 1.4870 | test_ce: 1.4794 | test_l1: 0.0076 | test_l2: 0.0000 | test_acc: 0.5084
[INFO] Saving model to: models/recurrentSNN_seed1/recurrentSNN_epoch_014.pt
Epoch: 15 | Time: 156.05183190300022 | train_total: 1.4666 | train_ce: 1.4602 | train_l1: 0.0064 | train_l2: 0.0000 | train_acc: 0.5368 | test_total: 1.5619 | test_ce: 1.5544 | test_l1: 0.0076 | test_l2: 0.0000 | test_acc: 0.4761
[INFO] Saving model to: models/recurrentSNN_seed1/recurrentSNN_epoch_015.pt
Epoch: 16 | Time: 156.37454464899974 | train_total: 1.3944 | train_ce: 1.3877 | train_l1: 0.0068 | train_l2: 0.0000 | train_acc: 0.5640 | test_total: 1.4922 | test_ce: 1.4838 | test_l1: 0.0084 | test_l2: 0.0000 | test_acc: 0.5018
[INFO] Saving model to: models/recurrentSNN_seed1/recurrentSNN_epoch_016.pt
Epoch: 17 | Time: 156.0390832879998 | train_total: 1.3492 | train_ce: 1.3416 | train_l1: 0.0076 | train_l2: 0.0000 | train_acc: 0.5731 | test_total: 1.4648 | test_ce: 1.4556 | test_l1: 0.0093 | test_l2: 0.0000 | test_acc: 0.5057
[INFO] Saving model to: models/recurrentSNN_seed1/recurrentSNN_epoch_017.pt
Epoch: 18 | Time: 155.92821981499992 | train_total: 1.3153 | train_ce: 1.3071 | train_l1: 0.0082 | train_l2: 0.0000 | train_acc: 0.5823 | test_total: 1.3987 | test_ce: 1.3889 | test_l1: 0.0098 | test_l2: 0.0000 | test_acc: 0.5314
[INFO] Saving model to: models/recurrentSNN_seed1/recurrentSNN_epoch_018.pt
Epoch: 19 | Time: 156.05856263800024 | train_total: 1.2740 | train_ce: 1.2653 | train_l1: 0.0087 | train_l2: 0.0000 | train_acc: 0.5985 | test_total: 1.4125 | test_ce: 1.4017 | test_l1: 0.0108 | test_l2: 0.0000 | test_acc: 0.5119
[INFO] Saving model to: models/recurrentSNN_seed1/recurrentSNN_epoch_019.pt
Epoch: 20 | Time: 156.1364281590004 | train_total: 1.2401 | train_ce: 1.2308 | train_l1: 0.0093 | train_l2: 0.0000 | train_acc: 0.6057 | test_total: 1.4548 | test_ce: 1.4445 | test_l1: 0.0103 | test_l2: 0.0000 | test_acc: 0.5088
[INFO] Saving model to: models/recurrentSNN_seed1/recurrentSNN_epoch_020.pt
Epoch: 21 | Time: 155.69580040599976 | train_total: 1.2136 | train_ce: 1.2036 | train_l1: 0.0100 | train_l2: 0.0000 | train_acc: 0.6101 | test_total: 1.4016 | test_ce: 1.3894 | test_l1: 0.0123 | test_l2: 0.0000 | test_acc: 0.5287
[INFO] Saving model to: models/recurrentSNN_seed1/recurrentSNN_epoch_021.pt
Epoch: 22 | Time: 155.6998585010001 | train_total: 1.1557 | train_ce: 1.1452 | train_l1: 0.0106 | train_l2: 0.0000 | train_acc: 0.6366 | test_total: 1.3986 | test_ce: 1.3861 | test_l1: 0.0125 | test_l2: 0.0000 | test_acc: 0.5256
[INFO] Saving model to: models/recurrentSNN_seed1/recurrentSNN_epoch_022.pt
Epoch: 23 | Time: 155.96065454199925 | train_total: 1.1275 | train_ce: 1.1158 | train_l1: 0.0117 | train_l2: 0.0000 | train_acc: 0.6382 | test_total: 1.3497 | test_ce: 1.3367 | test_l1: 0.0131 | test_l2: 0.0000 | test_acc: 0.5433
[INFO] Saving model to: models/recurrentSNN_seed1/recurrentSNN_epoch_023.pt
Epoch: 24 | Time: 155.7884967 | train_total: 1.1096 | train_ce: 1.0969 | train_l1: 0.0128 | train_l2: 0.0000 | train_acc: 0.6363 | test_total: 1.3416 | test_ce: 1.3264 | test_l1: 0.0152 | test_l2: 0.0000 | test_acc: 0.5314
[INFO] Saving model to: models/recurrentSNN_seed1/recurrentSNN_epoch_024.pt
Epoch: 25 | Time: 156.22341506300017 | train_total: 1.0851 | train_ce: 1.0716 | train_l1: 0.0135 | train_l2: 0.0000 | train_acc: 0.6447 | test_total: 1.3071 | test_ce: 1.2897 | test_l1: 0.0174 | test_l2: 0.0000 | test_acc: 0.5464
[INFO] Saving model to: models/recurrentSNN_seed1/recurrentSNN_epoch_025.pt
Epoch: 26 | Time: 156.2714346619996 | train_total: 1.0697 | train_ce: 1.0551 | train_l1: 0.0145 | train_l2: 0.0000 | train_acc: 0.6498 | test_total: 1.3522 | test_ce: 1.3319 | test_l1: 0.0203 | test_l2: 0.0000 | test_acc: 0.5464
[INFO] Saving model to: models/recurrentSNN_seed1/recurrentSNN_epoch_026.pt
Epoch: 27 | Time: 156.26994107300015 | train_total: 1.0756 | train_ce: 1.0596 | train_l1: 0.0161 | train_l2: 0.0000 | train_acc: 0.6464 | test_total: 1.3416 | test_ce: 1.3255 | test_l1: 0.0161 | test_l2: 0.0000 | test_acc: 0.5292
[INFO] Saving model to: models/recurrentSNN_seed1/recurrentSNN_epoch_027.pt
Epoch: 28 | Time: 156.2245312490004 | train_total: 1.0353 | train_ce: 1.0188 | train_l1: 0.0165 | train_l2: 0.0000 | train_acc: 0.6623 | test_total: 1.3231 | test_ce: 1.3033 | test_l1: 0.0198 | test_l2: 0.0000 | test_acc: 0.5565
[INFO] Saving model to: models/recurrentSNN_seed1/recurrentSNN_epoch_028.pt
Epoch: 29 | Time: 155.96717661799994 | train_total: 0.9920 | train_ce: 0.9743 | train_l1: 0.0177 | train_l2: 0.0000 | train_acc: 0.6714 | test_total: 1.2997 | test_ce: 1.2761 | test_l1: 0.0236 | test_l2: 0.0000 | test_acc: 0.5601
[INFO] Saving model to: models/recurrentSNN_seed1/recurrentSNN_epoch_029.pt
Epoch: 30 | Time: 156.29365149499972 | train_total: 0.9670 | train_ce: 0.9483 | train_l1: 0.0187 | train_l2: 0.0000 | train_acc: 0.6845 | test_total: 1.3044 | test_ce: 1.2799 | test_l1: 0.0245 | test_l2: 0.0000 | test_acc: 0.5649
[INFO] Saving model to: models/recurrentSNN_seed1/recurrentSNN_epoch_030.pt
Epoch: 31 | Time: 156.2262971930004 | train_total: 0.9528 | train_ce: 0.9323 | train_l1: 0.0205 | train_l2: 0.0000 | train_acc: 0.6911 | test_total: 1.2535 | test_ce: 1.2276 | test_l1: 0.0259 | test_l2: 0.0000 | test_acc: 0.5746
[INFO] Saving model to: models/recurrentSNN_seed1/recurrentSNN_epoch_031.pt
Epoch: 32 | Time: 156.08331932700003 | train_total: 0.9160 | train_ce: 0.8951 | train_l1: 0.0209 | train_l2: 0.0000 | train_acc: 0.7030 | test_total: 1.2768 | test_ce: 1.2511 | test_l1: 0.0257 | test_l2: 0.0000 | test_acc: 0.5663
[INFO] Saving model to: models/recurrentSNN_seed1/recurrentSNN_epoch_032.pt
Epoch: 33 | Time: 156.15417364800032 | train_total: 0.8939 | train_ce: 0.8712 | train_l1: 0.0227 | train_l2: 0.0000 | train_acc: 0.7098 | test_total: 1.2867 | test_ce: 1.2620 | test_l1: 0.0247 | test_l2: 0.0000 | test_acc: 0.5773
[INFO] Saving model to: models/recurrentSNN_seed1/recurrentSNN_epoch_033.pt
Epoch: 34 | Time: 155.8465886089998 | train_total: 0.8894 | train_ce: 0.8666 | train_l1: 0.0229 | train_l2: 0.0000 | train_acc: 0.7124 | test_total: 1.2349 | test_ce: 1.2079 | test_l1: 0.0270 | test_l2: 0.0000 | test_acc: 0.5972
[INFO] Saving model to: models/recurrentSNN_seed1/recurrentSNN_epoch_034.pt
Epoch: 35 | Time: 155.9948712690002 | train_total: 0.8715 | train_ce: 0.8474 | train_l1: 0.0241 | train_l2: 0.0000 | train_acc: 0.7133 | test_total: 1.2501 | test_ce: 1.2212 | test_l1: 0.0289 | test_l2: 0.0000 | test_acc: 0.5782
[INFO] Saving model to: models/recurrentSNN_seed1/recurrentSNN_epoch_035.pt
Epoch: 36 | Time: 155.8468404919995 | train_total: 0.8349 | train_ce: 0.8096 | train_l1: 0.0253 | train_l2: 0.0000 | train_acc: 0.7303 | test_total: 1.3286 | test_ce: 1.3027 | test_l1: 0.0258 | test_l2: 0.0000 | test_acc: 0.5610
[INFO] Saving model to: models/recurrentSNN_seed1/recurrentSNN_epoch_036.pt
Epoch: 37 | Time: 156.00328065800022 | train_total: 0.8420 | train_ce: 0.8156 | train_l1: 0.0264 | train_l2: 0.0000 | train_acc: 0.7238 | test_total: 1.1917 | test_ce: 1.1587 | test_l1: 0.0330 | test_l2: 0.0000 | test_acc: 0.6056
[INFO] Saving model to: models/recurrentSNN_seed1/recurrentSNN_epoch_037.pt
Epoch: 38 | Time: 155.94929897699967 | train_total: 0.8196 | train_ce: 0.7919 | train_l1: 0.0277 | train_l2: 0.0000 | train_acc: 0.7407 | test_total: 1.2393 | test_ce: 1.2078 | test_l1: 0.0316 | test_l2: 0.0000 | test_acc: 0.5822
[INFO] Saving model to: models/recurrentSNN_seed1/recurrentSNN_epoch_038.pt
Epoch: 39 | Time: 155.83405587000016 | train_total: 0.8055 | train_ce: 0.7765 | train_l1: 0.0290 | train_l2: 0.0000 | train_acc: 0.7407 | test_total: 1.2634 | test_ce: 1.2327 | test_l1: 0.0307 | test_l2: 0.0000 | test_acc: 0.5839
[INFO] Saving model to: models/recurrentSNN_seed1/recurrentSNN_epoch_039.pt
Epoch: 40 | Time: 156.34834797300027 | train_total: 0.7901 | train_ce: 0.7600 | train_l1: 0.0301 | train_l2: 0.0000 | train_acc: 0.7493 | test_total: 1.2099 | test_ce: 1.1730 | test_l1: 0.0369 | test_l2: 0.0000 | test_acc: 0.5945
[INFO] Saving model to: models/recurrentSNN_seed1/recurrentSNN_epoch_040.pt
Epoch: 41 | Time: 155.99482718000036 | train_total: 0.7626 | train_ce: 0.7334 | train_l1: 0.0292 | train_l2: 0.0000 | train_acc: 0.7538 | test_total: 1.2161 | test_ce: 1.1826 | test_l1: 0.0335 | test_l2: 0.0000 | test_acc: 0.5989
[INFO] Saving model to: models/recurrentSNN_seed1/recurrentSNN_epoch_041.pt
Epoch: 42 | Time: 155.72716338200007 | train_total: 0.7483 | train_ce: 0.7192 | train_l1: 0.0291 | train_l2: 0.0000 | train_acc: 0.7610 | test_total: 1.2143 | test_ce: 1.1807 | test_l1: 0.0336 | test_l2: 0.0000 | test_acc: 0.5994
[INFO] Saving model to: models/recurrentSNN_seed1/recurrentSNN_epoch_042.pt
Epoch: 43 | Time: 155.97330531900025 | train_total: 0.7344 | train_ce: 0.7040 | train_l1: 0.0304 | train_l2: 0.0000 | train_acc: 0.7704 | test_total: 1.2144 | test_ce: 1.1816 | test_l1: 0.0328 | test_l2: 0.0000 | test_acc: 0.5945
[INFO] Saving model to: models/recurrentSNN_seed1/recurrentSNN_epoch_043.pt
Epoch: 44 | Time: 156.2011809980013 | train_total: 0.7174 | train_ce: 0.6858 | train_l1: 0.0316 | train_l2: 0.0000 | train_acc: 0.7794 | test_total: 1.2241 | test_ce: 1.1895 | test_l1: 0.0346 | test_l2: 0.0000 | test_acc: 0.5817
[INFO] Saving model to: models/recurrentSNN_seed1/recurrentSNN_epoch_044.pt
Epoch: 45 | Time: 156.0263182660001 | train_total: 0.7213 | train_ce: 0.6879 | train_l1: 0.0334 | train_l2: 0.0000 | train_acc: 0.7718 | test_total: 1.3016 | test_ce: 1.2665 | test_l1: 0.0351 | test_l2: 0.0000 | test_acc: 0.5786
[INFO] Saving model to: models/recurrentSNN_seed1/recurrentSNN_epoch_045.pt
Epoch: 46 | Time: 155.8081566660003 | train_total: 0.7010 | train_ce: 0.6669 | train_l1: 0.0341 | train_l2: 0.0000 | train_acc: 0.7862 | test_total: 1.3042 | test_ce: 1.2704 | test_l1: 0.0338 | test_l2: 0.0000 | test_acc: 0.5822
[INFO] Saving model to: models/recurrentSNN_seed1/recurrentSNN_epoch_046.pt
Epoch: 47 | Time: 155.79772082899945 | train_total: 0.6833 | train_ce: 0.6507 | train_l1: 0.0326 | train_l2: 0.0000 | train_acc: 0.7918 | test_total: 1.2650 | test_ce: 1.2302 | test_l1: 0.0348 | test_l2: 0.0000 | test_acc: 0.5826
[INFO] Saving model to: models/recurrentSNN_seed1/recurrentSNN_epoch_047.pt
Epoch: 48 | Time: 155.71451643 | train_total: 0.6669 | train_ce: 0.6323 | train_l1: 0.0346 | train_l2: 0.0000 | train_acc: 0.7944 | test_total: 1.2434 | test_ce: 1.1959 | test_l1: 0.0475 | test_l2: 0.0000 | test_acc: 0.6020
[INFO] Saving model to: models/recurrentSNN_seed1/recurrentSNN_epoch_048.pt
Epoch: 49 | Time: 156.39656607100005 | train_total: 0.6670 | train_ce: 0.6321 | train_l1: 0.0349 | train_l2: 0.0000 | train_acc: 0.7933 | test_total: 1.2188 | test_ce: 1.1816 | test_l1: 0.0372 | test_l2: 0.0000 | test_acc: 0.5914
[INFO] Saving model to: models/recurrentSNN_seed1/recurrentSNN_epoch_049.pt
Epoch: 50 | Time: 155.8380453589998 | train_total: 0.6407 | train_ce: 0.6053 | train_l1: 0.0354 | train_l2: 0.0000 | train_acc: 0.8084 | test_total: 1.2299 | test_ce: 1.1912 | test_l1: 0.0387 | test_l2: 0.0000 | test_acc: 0.5985
[INFO] Saving model to: models/recurrentSNN_seed1/recurrentSNN_epoch_050.pt
Epoch: 51 | Time: 156.00080314300067 | train_total: 0.6380 | train_ce: 0.6019 | train_l1: 0.0361 | train_l2: 0.0000 | train_acc: 0.8093 | test_total: 1.2358 | test_ce: 1.1964 | test_l1: 0.0393 | test_l2: 0.0000 | test_acc: 0.5994
[INFO] Saving model to: models/recurrentSNN_seed1/recurrentSNN_epoch_051.pt
Epoch: 52 | Time: 155.71340797800076 | train_total: 0.6386 | train_ce: 0.6014 | train_l1: 0.0372 | train_l2: 0.0000 | train_acc: 0.8079 | test_total: 1.2077 | test_ce: 1.1664 | test_l1: 0.0413 | test_l2: 0.0000 | test_acc: 0.6184
[INFO] Saving model to: models/recurrentSNN_seed1/recurrentSNN_epoch_052.pt
Epoch: 53 | Time: 156.1318836219998 | train_total: 0.6437 | train_ce: 0.6047 | train_l1: 0.0390 | train_l2: 0.0000 | train_acc: 0.8044 | test_total: 1.2092 | test_ce: 1.1686 | test_l1: 0.0406 | test_l2: 0.0000 | test_acc: 0.6117
[INFO] Saving model to: models/recurrentSNN_seed1/recurrentSNN_epoch_053.pt
Epoch: 54 | Time: 155.98180376500022 | train_total: 0.6074 | train_ce: 0.5702 | train_l1: 0.0372 | train_l2: 0.0000 | train_acc: 0.8201 | test_total: 1.2626 | test_ce: 1.2230 | test_l1: 0.0396 | test_l2: 0.0000 | test_acc: 0.6073
[INFO] Saving model to: models/recurrentSNN_seed1/recurrentSNN_epoch_054.pt
Epoch: 55 | Time: 156.1321485519984 | train_total: 0.5978 | train_ce: 0.5631 | train_l1: 0.0346 | train_l2: 0.0000 | train_acc: 0.8259 | test_total: 1.2218 | test_ce: 1.1815 | test_l1: 0.0403 | test_l2: 0.0000 | test_acc: 0.6126
[INFO] Saving model to: models/recurrentSNN_seed1/recurrentSNN_epoch_055.pt
Epoch: 56 | Time: 156.1237834019994 | train_total: 0.5764 | train_ce: 0.5397 | train_l1: 0.0367 | train_l2: 0.0000 | train_acc: 0.8307 | test_total: 1.2136 | test_ce: 1.1694 | test_l1: 0.0442 | test_l2: 0.0000 | test_acc: 0.6157
[INFO] Saving model to: models/recurrentSNN_seed1/recurrentSNN_epoch_056.pt
Epoch: 57 | Time: 155.8231227010001 | train_total: 0.5702 | train_ce: 0.5332 | train_l1: 0.0370 | train_l2: 0.0000 | train_acc: 0.8333 | test_total: 1.2464 | test_ce: 1.2069 | test_l1: 0.0395 | test_l2: 0.0000 | test_acc: 0.6082
[INFO] Saving model to: models/recurrentSNN_seed1/recurrentSNN_epoch_057.pt
Epoch: 58 | Time: 155.6690875919994 | train_total: 0.5895 | train_ce: 0.5502 | train_l1: 0.0390 | train_l2: 0.0003 | train_acc: 0.8256 | test_total: 1.2683 | test_ce: 1.2268 | test_l1: 0.0415 | test_l2: 0.0000 | test_acc: 0.5994
[INFO] Saving model to: models/recurrentSNN_seed1/recurrentSNN_epoch_058.pt
Epoch: 59 | Time: 156.22299492599996 | train_total: 0.5813 | train_ce: 0.5417 | train_l1: 0.0396 | train_l2: 0.0000 | train_acc: 0.8293 | test_total: 1.1913 | test_ce: 1.1473 | test_l1: 0.0441 | test_l2: 0.0000 | test_acc: 0.6201
[INFO] Saving model to: models/recurrentSNN_seed1/recurrentSNN_epoch_059.pt
Epoch: 60 | Time: 156.18338453700017 | train_total: 0.5658 | train_ce: 0.5283 | train_l1: 0.0375 | train_l2: 0.0000 | train_acc: 0.8330 | test_total: 1.2068 | test_ce: 1.1614 | test_l1: 0.0454 | test_l2: 0.0000 | test_acc: 0.6215
[INFO] Saving model to: models/recurrentSNN_seed1/recurrentSNN_epoch_060.pt
Epoch: 61 | Time: 156.47515244199894 | train_total: 0.5514 | train_ce: 0.5115 | train_l1: 0.0399 | train_l2: 0.0000 | train_acc: 0.8409 | test_total: 1.2140 | test_ce: 1.1703 | test_l1: 0.0437 | test_l2: 0.0000 | test_acc: 0.6246
[INFO] Saving model to: models/recurrentSNN_seed1/recurrentSNN_epoch_061.pt
Epoch: 62 | Time: 156.05306575699979 | train_total: 0.5329 | train_ce: 0.4943 | train_l1: 0.0386 | train_l2: 0.0000 | train_acc: 0.8448 | test_total: 1.1950 | test_ce: 1.1509 | test_l1: 0.0441 | test_l2: 0.0000 | test_acc: 0.6334
[INFO] Saving model to: models/recurrentSNN_seed1/recurrentSNN_epoch_062.pt
Epoch: 63 | Time: 156.0916880650002 | train_total: 0.5209 | train_ce: 0.4810 | train_l1: 0.0398 | train_l2: 0.0000 | train_acc: 0.8508 | test_total: 1.2530 | test_ce: 1.2084 | test_l1: 0.0446 | test_l2: 0.0000 | test_acc: 0.6210
[INFO] Saving model to: models/recurrentSNN_seed1/recurrentSNN_epoch_063.pt
Epoch: 64 | Time: 155.9887300090013 | train_total: 0.5030 | train_ce: 0.4619 | train_l1: 0.0411 | train_l2: 0.0001 | train_acc: 0.8575 | test_total: 1.2013 | test_ce: 1.1534 | test_l1: 0.0479 | test_l2: 0.0000 | test_acc: 0.6352
[INFO] Saving model to: models/recurrentSNN_seed1/recurrentSNN_epoch_064.pt
Epoch: 65 | Time: 156.05477407099897 | train_total: 0.5509 | train_ce: 0.5082 | train_l1: 0.0425 | train_l2: 0.0003 | train_acc: 0.8428 | test_total: 1.2962 | test_ce: 1.2529 | test_l1: 0.0433 | test_l2: 0.0000 | test_acc: 0.5998
[INFO] Saving model to: models/recurrentSNN_seed1/recurrentSNN_epoch_065.pt
Epoch: 66 | Time: 156.34740138500092 | train_total: 0.5290 | train_ce: 0.4870 | train_l1: 0.0419 | train_l2: 0.0002 | train_acc: 0.8483 | test_total: 1.2795 | test_ce: 1.2378 | test_l1: 0.0417 | test_l2: 0.0000 | test_acc: 0.6170
[INFO] Saving model to: models/recurrentSNN_seed1/recurrentSNN_epoch_066.pt
Epoch: 67 | Time: 156.42005554500065 | train_total: 0.5261 | train_ce: 0.4858 | train_l1: 0.0404 | train_l2: 0.0000 | train_acc: 0.8465 | test_total: 1.2440 | test_ce: 1.2030 | test_l1: 0.0409 | test_l2: 0.0000 | test_acc: 0.6179
[INFO] Saving model to: models/recurrentSNN_seed1/recurrentSNN_epoch_067.pt
Epoch: 68 | Time: 156.0739174549999 | train_total: 0.5097 | train_ce: 0.4684 | train_l1: 0.0412 | train_l2: 0.0001 | train_acc: 0.8546 | test_total: 1.3015 | test_ce: 1.2613 | test_l1: 0.0402 | test_l2: 0.0000 | test_acc: 0.6122
[INFO] Saving model to: models/recurrentSNN_seed1/recurrentSNN_epoch_068.pt
Epoch: 69 | Time: 156.10740923400044 | train_total: 0.4797 | train_ce: 0.4377 | train_l1: 0.0420 | train_l2: 0.0000 | train_acc: 0.8645 | test_total: 1.1739 | test_ce: 1.1265 | test_l1: 0.0474 | test_l2: 0.0000 | test_acc: 0.6330
[INFO] Saving model to: models/recurrentSNN_seed1/recurrentSNN_epoch_069.pt
Epoch: 70 | Time: 155.8843618109986 | train_total: 0.4773 | train_ce: 0.4333 | train_l1: 0.0436 | train_l2: 0.0004 | train_acc: 0.8676 | test_total: 1.3359 | test_ce: 1.2949 | test_l1: 0.0409 | test_l2: 0.0000 | test_acc: 0.6091
[INFO] Saving model to: models/recurrentSNN_seed1/recurrentSNN_epoch_070.pt
Epoch: 71 | Time: 155.93978132800112 | train_total: 0.4630 | train_ce: 0.4221 | train_l1: 0.0409 | train_l2: 0.0000 | train_acc: 0.8724 | test_total: 1.1777 | test_ce: 1.1327 | test_l1: 0.0450 | test_l2: 0.0000 | test_acc: 0.6409
[INFO] Saving model to: models/recurrentSNN_seed1/recurrentSNN_epoch_071.pt
Epoch: 72 | Time: 156.06381704999876 | train_total: 0.4446 | train_ce: 0.4027 | train_l1: 0.0418 | train_l2: 0.0000 | train_acc: 0.8792 | test_total: 1.1910 | test_ce: 1.1465 | test_l1: 0.0446 | test_l2: 0.0000 | test_acc: 0.6427
[INFO] Saving model to: models/recurrentSNN_seed1/recurrentSNN_epoch_072.pt
Epoch: 73 | Time: 156.19871655399947 | train_total: 0.4622 | train_ce: 0.4200 | train_l1: 0.0421 | train_l2: 0.0001 | train_acc: 0.8668 | test_total: 1.2355 | test_ce: 1.1917 | test_l1: 0.0438 | test_l2: 0.0000 | test_acc: 0.6285
[INFO] Saving model to: models/recurrentSNN_seed1/recurrentSNN_epoch_073.pt
Epoch: 74 | Time: 156.18986105899967 | train_total: 0.4891 | train_ce: 0.4470 | train_l1: 0.0421 | train_l2: 0.0000 | train_acc: 0.8595 | test_total: 1.3046 | test_ce: 1.2565 | test_l1: 0.0481 | test_l2: 0.0000 | test_acc: 0.6422
[INFO] Saving model to: models/recurrentSNN_seed1/recurrentSNN_epoch_074.pt
Epoch: 75 | Time: 156.09789393999927 | train_total: 0.4917 | train_ce: 0.4471 | train_l1: 0.0440 | train_l2: 0.0005 | train_acc: 0.8573 | test_total: 1.2062 | test_ce: 1.1559 | test_l1: 0.0503 | test_l2: 0.0000 | test_acc: 0.6321
[INFO] Saving model to: models/recurrentSNN_seed1/recurrentSNN_epoch_075.pt
Epoch: 76 | Time: 155.99795002000064 | train_total: 0.4272 | train_ce: 0.3851 | train_l1: 0.0421 | train_l2: 0.0000 | train_acc: 0.8821 | test_total: 1.2747 | test_ce: 1.2343 | test_l1: 0.0404 | test_l2: 0.0000 | test_acc: 0.6405
[INFO] Saving model to: models/recurrentSNN_seed1/recurrentSNN_epoch_076.pt
Epoch: 77 | Time: 155.90342342199983 | train_total: 0.4091 | train_ce: 0.3685 | train_l1: 0.0406 | train_l2: 0.0000 | train_acc: 0.8899 | test_total: 1.2596 | test_ce: 1.2148 | test_l1: 0.0449 | test_l2: 0.0000 | test_acc: 0.6365
[INFO] Saving model to: models/recurrentSNN_seed1/recurrentSNN_epoch_077.pt
Epoch: 78 | Time: 156.10119030299938 | train_total: 0.4133 | train_ce: 0.3701 | train_l1: 0.0432 | train_l2: 0.0000 | train_acc: 0.8870 | test_total: 1.2103 | test_ce: 1.1624 | test_l1: 0.0479 | test_l2: 0.0000 | test_acc: 0.6568
[INFO] Saving model to: models/recurrentSNN_seed1/recurrentSNN_epoch_078.pt
Epoch: 79 | Time: 156.14209009300066 | train_total: 0.3966 | train_ce: 0.3532 | train_l1: 0.0433 | train_l2: 0.0002 | train_acc: 0.8939 | test_total: 1.1976 | test_ce: 1.1524 | test_l1: 0.0453 | test_l2: 0.0000 | test_acc: 0.6550
[INFO] Saving model to: models/recurrentSNN_seed1/recurrentSNN_epoch_079.pt
Epoch: 80 | Time: 155.9454637559993 | train_total: 0.3790 | train_ce: 0.3380 | train_l1: 0.0411 | train_l2: 0.0000 | train_acc: 0.8993 | test_total: 1.1409 | test_ce: 1.0939 | test_l1: 0.0469 | test_l2: 0.0000 | test_acc: 0.6683
[INFO] Saving model to: models/recurrentSNN_seed1/recurrentSNN_epoch_080.pt
Epoch: 81 | Time: 156.15806978299952 | train_total: 0.3836 | train_ce: 0.3416 | train_l1: 0.0420 | train_l2: 0.0000 | train_acc: 0.8976 | test_total: 1.2432 | test_ce: 1.1983 | test_l1: 0.0449 | test_l2: 0.0000 | test_acc: 0.6409
[INFO] Saving model to: models/recurrentSNN_seed1/recurrentSNN_epoch_081.pt
Epoch: 82 | Time: 155.86870960399938 | train_total: 0.4042 | train_ce: 0.3609 | train_l1: 0.0433 | train_l2: 0.0000 | train_acc: 0.8893 | test_total: 1.2008 | test_ce: 1.1532 | test_l1: 0.0477 | test_l2: 0.0000 | test_acc: 0.6559
[INFO] Saving model to: models/recurrentSNN_seed1/recurrentSNN_epoch_082.pt
Epoch: 83 | Time: 156.29564656600087 | train_total: 0.3779 | train_ce: 0.3350 | train_l1: 0.0429 | train_l2: 0.0000 | train_acc: 0.8980 | test_total: 1.2088 | test_ce: 1.1608 | test_l1: 0.0480 | test_l2: 0.0000 | test_acc: 0.6577
[INFO] Saving model to: models/recurrentSNN_seed1/recurrentSNN_epoch_083.pt
Epoch: 84 | Time: 156.4857131509998 | train_total: 0.4147 | train_ce: 0.3688 | train_l1: 0.0455 | train_l2: 0.0004 | train_acc: 0.8862 | test_total: 1.1364 | test_ce: 1.0893 | test_l1: 0.0472 | test_l2: 0.0000 | test_acc: 0.6665
[INFO] Saving model to: models/recurrentSNN_seed1/recurrentSNN_epoch_084.pt
Epoch: 85 | Time: 156.5768239750014 | train_total: 0.4017 | train_ce: 0.3584 | train_l1: 0.0432 | train_l2: 0.0000 | train_acc: 0.8883 | test_total: 1.2159 | test_ce: 1.1698 | test_l1: 0.0461 | test_l2: 0.0000 | test_acc: 0.6528
[INFO] Saving model to: models/recurrentSNN_seed1/recurrentSNN_epoch_085.pt
Epoch: 86 | Time: 156.43507832499927 | train_total: 0.4036 | train_ce: 0.3600 | train_l1: 0.0436 | train_l2: 0.0000 | train_acc: 0.8879 | test_total: 1.4215 | test_ce: 1.3749 | test_l1: 0.0466 | test_l2: 0.0000 | test_acc: 0.6241
[INFO] Saving model to: models/recurrentSNN_seed1/recurrentSNN_epoch_086.pt
Epoch: 87 | Time: 156.5134718469999 | train_total: 0.4640 | train_ce: 0.4181 | train_l1: 0.0454 | train_l2: 0.0005 | train_acc: 0.8618 | test_total: 1.2139 | test_ce: 1.1574 | test_l1: 0.0564 | test_l2: 0.0001 | test_acc: 0.6683
[INFO] Saving model to: models/recurrentSNN_seed1/recurrentSNN_epoch_087.pt
Epoch: 88 | Time: 156.47127560300032 | train_total: 0.4713 | train_ce: 0.4262 | train_l1: 0.0450 | train_l2: 0.0001 | train_acc: 0.8585 | test_total: 1.2343 | test_ce: 1.1875 | test_l1: 0.0468 | test_l2: 0.0000 | test_acc: 0.6643
[INFO] Saving model to: models/recurrentSNN_seed1/recurrentSNN_epoch_088.pt
Epoch: 89 | Time: 156.44033496099837 | train_total: 0.3621 | train_ce: 0.3184 | train_l1: 0.0436 | train_l2: 0.0000 | train_acc: 0.9022 | test_total: 1.1614 | test_ce: 1.1160 | test_l1: 0.0454 | test_l2: 0.0000 | test_acc: 0.6661
[INFO] Saving model to: models/recurrentSNN_seed1/recurrentSNN_epoch_089.pt
Epoch: 90 | Time: 155.97939171100006 | train_total: 0.3385 | train_ce: 0.2947 | train_l1: 0.0438 | train_l2: 0.0000 | train_acc: 0.9104 | test_total: 1.2866 | test_ce: 1.2443 | test_l1: 0.0424 | test_l2: 0.0000 | test_acc: 0.6458
[INFO] Saving model to: models/recurrentSNN_seed1/recurrentSNN_epoch_090.pt
Epoch: 91 | Time: 155.73635625799943 | train_total: 0.3349 | train_ce: 0.2920 | train_l1: 0.0428 | train_l2: 0.0001 | train_acc: 0.9166 | test_total: 1.1830 | test_ce: 1.1404 | test_l1: 0.0426 | test_l2: 0.0000 | test_acc: 0.6701
[INFO] Saving model to: models/recurrentSNN_seed1/recurrentSNN_epoch_091.pt
Epoch: 92 | Time: 156.12767032699776 | train_total: 0.3306 | train_ce: 0.2896 | train_l1: 0.0410 | train_l2: 0.0000 | train_acc: 0.9121 | test_total: 1.1717 | test_ce: 1.1266 | test_l1: 0.0451 | test_l2: 0.0000 | test_acc: 0.6762
[INFO] Saving model to: models/recurrentSNN_seed1/recurrentSNN_epoch_092.pt
Epoch: 93 | Time: 156.22763201699854 | train_total: 0.3892 | train_ce: 0.3465 | train_l1: 0.0427 | train_l2: 0.0000 | train_acc: 0.8901 | test_total: 1.2723 | test_ce: 1.2175 | test_l1: 0.0547 | test_l2: 0.0001 | test_acc: 0.6621
[INFO] Saving model to: models/recurrentSNN_seed1/recurrentSNN_epoch_093.pt
Epoch: 94 | Time: 155.67814582400024 | train_total: 0.3807 | train_ce: 0.3356 | train_l1: 0.0450 | train_l2: 0.0001 | train_acc: 0.8927 | test_total: 1.1993 | test_ce: 1.1556 | test_l1: 0.0437 | test_l2: 0.0000 | test_acc: 0.6643
[INFO] Saving model to: models/recurrentSNN_seed1/recurrentSNN_epoch_094.pt
Epoch: 95 | Time: 155.08660860000236 | train_total: 0.3321 | train_ce: 0.2892 | train_l1: 0.0429 | train_l2: 0.0000 | train_acc: 0.9114 | test_total: 1.1600 | test_ce: 1.1164 | test_l1: 0.0436 | test_l2: 0.0000 | test_acc: 0.6798
[INFO] Saving model to: models/recurrentSNN_seed1/recurrentSNN_epoch_095.pt
Epoch: 96 | Time: 155.2534647979992 | train_total: 0.3320 | train_ce: 0.2906 | train_l1: 0.0414 | train_l2: 0.0000 | train_acc: 0.9098 | test_total: 1.0452 | test_ce: 0.9974 | test_l1: 0.0478 | test_l2: 0.0000 | test_acc: 0.6979
[INFO] Saving model to: models/recurrentSNN_seed1/recurrentSNN_epoch_096.pt
Epoch: 97 | Time: 154.94017986900144 | train_total: 0.3097 | train_ce: 0.2674 | train_l1: 0.0423 | train_l2: 0.0000 | train_acc: 0.9202 | test_total: 1.2369 | test_ce: 1.1937 | test_l1: 0.0432 | test_l2: 0.0000 | test_acc: 0.6625
[INFO] Saving model to: models/recurrentSNN_seed1/recurrentSNN_epoch_097.pt
Epoch: 98 | Time: 154.85237873900041 | train_total: 0.2999 | train_ce: 0.2581 | train_l1: 0.0418 | train_l2: 0.0000 | train_acc: 0.9250 | test_total: 1.1878 | test_ce: 1.1439 | test_l1: 0.0439 | test_l2: 0.0000 | test_acc: 0.6714
[INFO] Saving model to: models/recurrentSNN_seed1/recurrentSNN_epoch_098.pt
Epoch: 99 | Time: 154.80454265300068 | train_total: 0.2873 | train_ce: 0.2455 | train_l1: 0.0418 | train_l2: 0.0000 | train_acc: 0.9296 | test_total: 1.1585 | test_ce: 1.1120 | test_l1: 0.0465 | test_l2: 0.0000 | test_acc: 0.6815
[INFO] Saving model to: models/recurrentSNN_seed1/recurrentSNN_epoch_099.pt
Epoch: 100 | Time: 154.9975056889998 | train_total: 0.2971 | train_ce: 0.2540 | train_l1: 0.0430 | train_l2: 0.0000 | train_acc: 0.9235 | test_total: 1.1769 | test_ce: 1.1324 | test_l1: 0.0445 | test_l2: 0.0000 | test_acc: 0.6829
[INFO] Saving model to: models/recurrentSNN_seed1/recurrentSNN_epoch_100.pt
Epoch: 101 | Time: 154.93705936100014 | train_total: 0.3166 | train_ce: 0.2733 | train_l1: 0.0433 | train_l2: 0.0000 | train_acc: 0.9209 | test_total: 1.1397 | test_ce: 1.0932 | test_l1: 0.0465 | test_l2: 0.0000 | test_acc: 0.6820
[INFO] Saving model to: models/recurrentSNN_seed1/recurrentSNN_epoch_101.pt
Epoch: 102 | Time: 154.809127798002 | train_total: 0.3862 | train_ce: 0.3429 | train_l1: 0.0433 | train_l2: 0.0000 | train_acc: 0.8894 | test_total: 1.1006 | test_ce: 1.0552 | test_l1: 0.0454 | test_l2: 0.0000 | test_acc: 0.6842
[INFO] Saving model to: models/recurrentSNN_seed1/recurrentSNN_epoch_102.pt
Epoch: 103 | Time: 154.53568305999943 | train_total: 0.3334 | train_ce: 0.2905 | train_l1: 0.0430 | train_l2: 0.0000 | train_acc: 0.9125 | test_total: 1.1842 | test_ce: 1.1381 | test_l1: 0.0460 | test_l2: 0.0000 | test_acc: 0.6749
[INFO] Saving model to: models/recurrentSNN_seed1/recurrentSNN_epoch_103.pt
Epoch: 104 | Time: 155.20756028300093 | train_total: 0.4625 | train_ce: 0.4182 | train_l1: 0.0443 | train_l2: 0.0000 | train_acc: 0.8657 | test_total: 1.3625 | test_ce: 1.3057 | test_l1: 0.0552 | test_l2: 0.0015 | test_acc: 0.6709
[INFO] Saving model to: models/recurrentSNN_seed1/recurrentSNN_epoch_104.pt
Epoch: 105 | Time: 155.043857026998 | train_total: 0.5496 | train_ce: 0.5035 | train_l1: 0.0459 | train_l2: 0.0003 | train_acc: 0.8336 | test_total: 1.3240 | test_ce: 1.2787 | test_l1: 0.0453 | test_l2: 0.0000 | test_acc: 0.6338
[INFO] Saving model to: models/recurrentSNN_seed1/recurrentSNN_epoch_105.pt
Epoch: 106 | Time: 155.19236004699997 | train_total: 0.3767 | train_ce: 0.3322 | train_l1: 0.0444 | train_l2: 0.0002 | train_acc: 0.8931 | test_total: 1.1552 | test_ce: 1.1113 | test_l1: 0.0439 | test_l2: 0.0000 | test_acc: 0.6767
[INFO] Saving model to: models/recurrentSNN_seed1/recurrentSNN_epoch_106.pt
Epoch: 107 | Time: 154.52677467499961 | train_total: 0.3107 | train_ce: 0.2680 | train_l1: 0.0425 | train_l2: 0.0001 | train_acc: 0.9185 | test_total: 1.0951 | test_ce: 1.0499 | test_l1: 0.0452 | test_l2: 0.0000 | test_acc: 0.6974
[INFO] Saving model to: models/recurrentSNN_seed1/recurrentSNN_epoch_107.pt
Epoch: 108 | Time: 155.16750010899705 | train_total: 0.2814 | train_ce: 0.2379 | train_l1: 0.0434 | train_l2: 0.0002 | train_acc: 0.9296 | test_total: 1.1197 | test_ce: 1.0746 | test_l1: 0.0451 | test_l2: 0.0000 | test_acc: 0.6837
[INFO] Saving model to: models/recurrentSNN_seed1/recurrentSNN_epoch_108.pt
Epoch: 109 | Time: 155.31722636299673 | train_total: 0.2701 | train_ce: 0.2276 | train_l1: 0.0425 | train_l2: 0.0000 | train_acc: 0.9366 | test_total: 1.1419 | test_ce: 1.1004 | test_l1: 0.0416 | test_l2: 0.0000 | test_acc: 0.6793
[INFO] Saving model to: models/recurrentSNN_seed1/recurrentSNN_epoch_109.pt
Epoch: 110 | Time: 155.10500122699887 | train_total: 0.2614 | train_ce: 0.2188 | train_l1: 0.0423 | train_l2: 0.0002 | train_acc: 0.9391 | test_total: 1.1657 | test_ce: 1.1218 | test_l1: 0.0439 | test_l2: 0.0000 | test_acc: 0.6842
[INFO] Saving model to: models/recurrentSNN_seed1/recurrentSNN_epoch_110.pt
Epoch: 111 | Time: 154.9435432049977 | train_total: 0.2611 | train_ce: 0.2187 | train_l1: 0.0424 | train_l2: 0.0000 | train_acc: 0.9373 | test_total: 1.1274 | test_ce: 1.0836 | test_l1: 0.0438 | test_l2: 0.0000 | test_acc: 0.6846
[INFO] Saving model to: models/recurrentSNN_seed1/recurrentSNN_epoch_111.pt
Epoch: 112 | Time: 154.8286354640004 | train_total: 0.2605 | train_ce: 0.2185 | train_l1: 0.0420 | train_l2: 0.0000 | train_acc: 0.9367 | test_total: 1.1288 | test_ce: 1.0799 | test_l1: 0.0488 | test_l2: 0.0000 | test_acc: 0.7072
[INFO] Saving model to: models/recurrentSNN_seed1/recurrentSNN_epoch_112.pt
Epoch: 113 | Time: 154.91932151999936 | train_total: 0.2770 | train_ce: 0.2352 | train_l1: 0.0418 | train_l2: 0.0000 | train_acc: 0.9318 | test_total: 1.1094 | test_ce: 1.0652 | test_l1: 0.0442 | test_l2: 0.0000 | test_acc: 0.6943
[INFO] Saving model to: models/recurrentSNN_seed1/recurrentSNN_epoch_113.pt
Epoch: 114 | Time: 154.8460521340021 | train_total: 0.2601 | train_ce: 0.2181 | train_l1: 0.0420 | train_l2: 0.0000 | train_acc: 0.9354 | test_total: 1.1422 | test_ce: 1.0987 | test_l1: 0.0435 | test_l2: 0.0000 | test_acc: 0.6904
[INFO] Saving model to: models/recurrentSNN_seed1/recurrentSNN_epoch_114.pt
Epoch: 115 | Time: 154.87876072800282 | train_total: 0.3113 | train_ce: 0.2691 | train_l1: 0.0422 | train_l2: 0.0000 | train_acc: 0.9204 | test_total: 1.3515 | test_ce: 1.3119 | test_l1: 0.0397 | test_l2: 0.0000 | test_acc: 0.6471
[INFO] Saving model to: models/recurrentSNN_seed1/recurrentSNN_epoch_115.pt
Epoch: 116 | Time: 154.87240486099836 | train_total: 0.2940 | train_ce: 0.2504 | train_l1: 0.0436 | train_l2: 0.0000 | train_acc: 0.9273 | test_total: 1.0766 | test_ce: 1.0301 | test_l1: 0.0465 | test_l2: 0.0000 | test_acc: 0.6992
[INFO] Saving model to: models/recurrentSNN_seed1/recurrentSNN_epoch_116.pt
Epoch: 117 | Time: 155.11683296900082 | train_total: 0.2501 | train_ce: 0.2085 | train_l1: 0.0416 | train_l2: 0.0000 | train_acc: 0.9454 | test_total: 1.1489 | test_ce: 1.1057 | test_l1: 0.0432 | test_l2: 0.0000 | test_acc: 0.6899
[INFO] Saving model to: models/recurrentSNN_seed1/recurrentSNN_epoch_117.pt
Epoch: 118 | Time: 154.61753791100273 | train_total: 0.2483 | train_ce: 0.2065 | train_l1: 0.0418 | train_l2: 0.0000 | train_acc: 0.9392 | test_total: 1.1577 | test_ce: 1.1133 | test_l1: 0.0444 | test_l2: 0.0000 | test_acc: 0.6829
[INFO] Saving model to: models/recurrentSNN_seed1/recurrentSNN_epoch_118.pt
Epoch: 119 | Time: 154.5376633579981 | train_total: 0.2294 | train_ce: 0.1879 | train_l1: 0.0415 | train_l2: 0.0000 | train_acc: 0.9474 | test_total: 1.1223 | test_ce: 1.0785 | test_l1: 0.0438 | test_l2: 0.0000 | test_acc: 0.6926
[INFO] Saving model to: models/recurrentSNN_seed1/recurrentSNN_epoch_119.pt
Epoch: 120 | Time: 154.79515028900278 | train_total: 0.2372 | train_ce: 0.1951 | train_l1: 0.0421 | train_l2: 0.0000 | train_acc: 0.9454 | test_total: 1.1921 | test_ce: 1.1465 | test_l1: 0.0456 | test_l2: 0.0000 | test_acc: 0.7019
[INFO] Saving model to: models/recurrentSNN_seed1/recurrentSNN_epoch_120.pt
Epoch: 121 | Time: 154.8152296190019 | train_total: 0.2644 | train_ce: 0.2222 | train_l1: 0.0422 | train_l2: 0.0000 | train_acc: 0.9366 | test_total: 1.2163 | test_ce: 1.1716 | test_l1: 0.0448 | test_l2: 0.0000 | test_acc: 0.6829
[INFO] Saving model to: models/recurrentSNN_seed1/recurrentSNN_epoch_121.pt
Epoch: 122 | Time: 154.71888771999875 | train_total: 0.2524 | train_ce: 0.2104 | train_l1: 0.0420 | train_l2: 0.0000 | train_acc: 0.9386 | test_total: 1.1100 | test_ce: 1.0660 | test_l1: 0.0440 | test_l2: 0.0000 | test_acc: 0.7041
[INFO] Saving model to: models/recurrentSNN_seed1/recurrentSNN_epoch_122.pt
Epoch: 123 | Time: 155.03478170000017 | train_total: 0.2607 | train_ce: 0.2174 | train_l1: 0.0433 | train_l2: 0.0001 | train_acc: 0.9332 | test_total: 1.1163 | test_ce: 1.0697 | test_l1: 0.0466 | test_l2: 0.0000 | test_acc: 0.7054
[INFO] Saving model to: models/recurrentSNN_seed1/recurrentSNN_epoch_123.pt
Epoch: 124 | Time: 154.92188467199958 | train_total: 0.2385 | train_ce: 0.1969 | train_l1: 0.0415 | train_l2: 0.0000 | train_acc: 0.9457 | test_total: 1.2395 | test_ce: 1.1974 | test_l1: 0.0421 | test_l2: 0.0000 | test_acc: 0.6855
[INFO] Saving model to: models/recurrentSNN_seed1/recurrentSNN_epoch_124.pt
Epoch: 125 | Time: 155.14229516499836 | train_total: 0.2262 | train_ce: 0.1853 | train_l1: 0.0408 | train_l2: 0.0000 | train_acc: 0.9461 | test_total: 1.1798 | test_ce: 1.1375 | test_l1: 0.0423 | test_l2: 0.0000 | test_acc: 0.6917
[INFO] Saving model to: models/recurrentSNN_seed1/recurrentSNN_epoch_125.pt
Epoch: 126 | Time: 154.65000823100127 | train_total: 0.2297 | train_ce: 0.1884 | train_l1: 0.0413 | train_l2: 0.0000 | train_acc: 0.9508 | test_total: 1.1829 | test_ce: 1.1433 | test_l1: 0.0395 | test_l2: 0.0000 | test_acc: 0.6842
[INFO] Saving model to: models/recurrentSNN_seed1/recurrentSNN_epoch_126.pt
Epoch: 127 | Time: 154.9494126540012 | train_total: 0.2333 | train_ce: 0.1930 | train_l1: 0.0403 | train_l2: 0.0000 | train_acc: 0.9440 | test_total: 1.1801 | test_ce: 1.1359 | test_l1: 0.0442 | test_l2: 0.0000 | test_acc: 0.7094
[INFO] Saving model to: models/recurrentSNN_seed1/recurrentSNN_epoch_127.pt
Epoch: 128 | Time: 154.89926218799883 | train_total: 0.2359 | train_ce: 0.1949 | train_l1: 0.0410 | train_l2: 0.0000 | train_acc: 0.9440 | test_total: 1.1340 | test_ce: 1.0900 | test_l1: 0.0440 | test_l2: 0.0000 | test_acc: 0.7151
[INFO] Saving model to: models/recurrentSNN_seed1/recurrentSNN_epoch_128.pt
Epoch: 129 | Time: 154.8008108790018 | train_total: 0.2076 | train_ce: 0.1673 | train_l1: 0.0403 | train_l2: 0.0000 | train_acc: 0.9557 | test_total: 1.2189 | test_ce: 1.1756 | test_l1: 0.0433 | test_l2: 0.0000 | test_acc: 0.7001
[INFO] Saving model to: models/recurrentSNN_seed1/recurrentSNN_epoch_129.pt
Epoch: 130 | Time: 154.7263313359981 | train_total: 0.2155 | train_ce: 0.1757 | train_l1: 0.0398 | train_l2: 0.0000 | train_acc: 0.9527 | test_total: 1.0725 | test_ce: 1.0288 | test_l1: 0.0437 | test_l2: 0.0000 | test_acc: 0.7178
[INFO] Saving model to: models/recurrentSNN_seed1/recurrentSNN_epoch_130.pt
Epoch: 131 | Time: 155.14655511900128 | train_total: 0.2258 | train_ce: 0.1845 | train_l1: 0.0413 | train_l2: 0.0000 | train_acc: 0.9470 | test_total: 1.1137 | test_ce: 1.0702 | test_l1: 0.0435 | test_l2: 0.0000 | test_acc: 0.7133
[INFO] Saving model to: models/recurrentSNN_seed1/recurrentSNN_epoch_131.pt
Epoch: 132 | Time: 154.9278638359974 | train_total: 0.2346 | train_ce: 0.1952 | train_l1: 0.0394 | train_l2: 0.0000 | train_acc: 0.9426 | test_total: 1.2492 | test_ce: 1.2010 | test_l1: 0.0482 | test_l2: 0.0000 | test_acc: 0.6992
[INFO] Saving model to: models/recurrentSNN_seed1/recurrentSNN_epoch_132.pt
Epoch: 133 | Time: 154.8750689640001 | train_total: 0.2863 | train_ce: 0.2437 | train_l1: 0.0425 | train_l2: 0.0000 | train_acc: 0.9234 | test_total: 1.2931 | test_ce: 1.2466 | test_l1: 0.0464 | test_l2: 0.0000 | test_acc: 0.6961
[INFO] Saving model to: models/recurrentSNN_seed1/recurrentSNN_epoch_133.pt
Epoch: 134 | Time: 154.70419469099943 | train_total: 0.2895 | train_ce: 0.2480 | train_l1: 0.0415 | train_l2: 0.0000 | train_acc: 0.9231 | test_total: 1.0947 | test_ce: 1.0505 | test_l1: 0.0442 | test_l2: 0.0000 | test_acc: 0.7076
[INFO] Saving model to: models/recurrentSNN_seed1/recurrentSNN_epoch_134.pt
Epoch: 135 | Time: 154.8261672280023 | train_total: 0.2638 | train_ce: 0.2237 | train_l1: 0.0401 | train_l2: 0.0000 | train_acc: 0.9308 | test_total: 1.2478 | test_ce: 1.2089 | test_l1: 0.0388 | test_l2: 0.0000 | test_acc: 0.6860
[INFO] Saving model to: models/recurrentSNN_seed1/recurrentSNN_epoch_135.pt
Epoch: 136 | Time: 154.77679317399816 | train_total: 0.2642 | train_ce: 0.2246 | train_l1: 0.0397 | train_l2: 0.0000 | train_acc: 0.9310 | test_total: 1.0964 | test_ce: 1.0520 | test_l1: 0.0444 | test_l2: 0.0000 | test_acc: 0.7076
[INFO] Saving model to: models/recurrentSNN_seed1/recurrentSNN_epoch_136.pt
Epoch: 137 | Time: 155.26809796200178 | train_total: 0.2387 | train_ce: 0.1991 | train_l1: 0.0396 | train_l2: 0.0000 | train_acc: 0.9403 | test_total: 1.2233 | test_ce: 1.1807 | test_l1: 0.0426 | test_l2: 0.0000 | test_acc: 0.6970
[INFO] Saving model to: models/recurrentSNN_seed1/recurrentSNN_epoch_137.pt
Epoch: 138 | Time: 155.0588475179975 | train_total: 0.2447 | train_ce: 0.2058 | train_l1: 0.0388 | train_l2: 0.0000 | train_acc: 0.9370 | test_total: 1.0994 | test_ce: 1.0574 | test_l1: 0.0420 | test_l2: 0.0000 | test_acc: 0.7125
[INFO] Saving model to: models/recurrentSNN_seed1/recurrentSNN_epoch_138.pt
Epoch: 139 | Time: 155.20427288599967 | train_total: 0.2380 | train_ce: 0.1998 | train_l1: 0.0382 | train_l2: 0.0000 | train_acc: 0.9398 | test_total: 1.1612 | test_ce: 1.1216 | test_l1: 0.0396 | test_l2: 0.0000 | test_acc: 0.7098
[INFO] Saving model to: models/recurrentSNN_seed1/recurrentSNN_epoch_139.pt
Epoch: 140 | Time: 155.22489205999955 | train_total: 0.2077 | train_ce: 0.1698 | train_l1: 0.0379 | train_l2: 0.0000 | train_acc: 0.9532 | test_total: 1.0496 | test_ce: 1.0073 | test_l1: 0.0423 | test_l2: 0.0000 | test_acc: 0.7257
[INFO] Saving model to: models/recurrentSNN_seed1/recurrentSNN_epoch_140.pt
Epoch: 141 | Time: 155.3962064499974 | train_total: 0.1824 | train_ce: 0.1453 | train_l1: 0.0371 | train_l2: 0.0000 | train_acc: 0.9633 | test_total: 1.1103 | test_ce: 1.0702 | test_l1: 0.0402 | test_l2: 0.0000 | test_acc: 0.7107
[INFO] Saving model to: models/recurrentSNN_seed1/recurrentSNN_epoch_141.pt
Epoch: 142 | Time: 155.182294137001 | train_total: 0.1887 | train_ce: 0.1509 | train_l1: 0.0378 | train_l2: 0.0000 | train_acc: 0.9610 | test_total: 1.1182 | test_ce: 1.0786 | test_l1: 0.0396 | test_l2: 0.0000 | test_acc: 0.7151
[INFO] Saving model to: models/recurrentSNN_seed1/recurrentSNN_epoch_142.pt
Epoch: 143 | Time: 155.2181372619998 | train_total: 0.2406 | train_ce: 0.2032 | train_l1: 0.0374 | train_l2: 0.0000 | train_acc: 0.9387 | test_total: 1.1767 | test_ce: 1.1382 | test_l1: 0.0385 | test_l2: 0.0000 | test_acc: 0.6895
[INFO] Saving model to: models/recurrentSNN_seed1/recurrentSNN_epoch_143.pt
Epoch: 144 | Time: 154.60841188400082 | train_total: 0.2853 | train_ce: 0.2480 | train_l1: 0.0374 | train_l2: 0.0000 | train_acc: 0.9179 | test_total: 1.1409 | test_ce: 1.1021 | test_l1: 0.0387 | test_l2: 0.0000 | test_acc: 0.7222
[INFO] Saving model to: models/recurrentSNN_seed1/recurrentSNN_epoch_144.pt
Epoch: 145 | Time: 154.6780271619973 | train_total: 0.1918 | train_ce: 0.1543 | train_l1: 0.0375 | train_l2: 0.0000 | train_acc: 0.9561 | test_total: 1.1100 | test_ce: 1.0685 | test_l1: 0.0415 | test_l2: 0.0000 | test_acc: 0.7217
[INFO] Saving model to: models/recurrentSNN_seed1/recurrentSNN_epoch_145.pt
Epoch: 146 | Time: 154.27521162199992 | train_total: 0.1611 | train_ce: 0.1233 | train_l1: 0.0378 | train_l2: 0.0000 | train_acc: 0.9730 | test_total: 1.1495 | test_ce: 1.1113 | test_l1: 0.0382 | test_l2: 0.0000 | test_acc: 0.7067
[INFO] Saving model to: models/recurrentSNN_seed1/recurrentSNN_epoch_146.pt
Epoch: 147 | Time: 154.31128014500064 | train_total: 0.1580 | train_ce: 0.1220 | train_l1: 0.0360 | train_l2: 0.0000 | train_acc: 0.9740 | test_total: 1.1453 | test_ce: 1.1086 | test_l1: 0.0367 | test_l2: 0.0000 | test_acc: 0.7045
[INFO] Saving model to: models/recurrentSNN_seed1/recurrentSNN_epoch_147.pt
Epoch: 148 | Time: 154.35940392300108 | train_total: 0.1628 | train_ce: 0.1263 | train_l1: 0.0366 | train_l2: 0.0000 | train_acc: 0.9703 | test_total: 1.1652 | test_ce: 1.1285 | test_l1: 0.0367 | test_l2: 0.0000 | test_acc: 0.7019
[INFO] Saving model to: models/recurrentSNN_seed1/recurrentSNN_epoch_148.pt
Epoch: 149 | Time: 154.25806780100174 | train_total: 0.1613 | train_ce: 0.1252 | train_l1: 0.0361 | train_l2: 0.0000 | train_acc: 0.9707 | test_total: 1.1980 | test_ce: 1.1575 | test_l1: 0.0405 | test_l2: 0.0000 | test_acc: 0.7138
[INFO] Saving model to: models/recurrentSNN_seed1/recurrentSNN_epoch_149.pt
Epoch: 150 | Time: 154.1126272270012 | train_total: 0.1658 | train_ce: 0.1292 | train_l1: 0.0367 | train_l2: 0.0000 | train_acc: 0.9673 | test_total: 1.1682 | test_ce: 1.1269 | test_l1: 0.0412 | test_l2: 0.0000 | test_acc: 0.6988
[INFO] Saving model to: models/recurrentSNN_seed1/recurrentSNN_epoch_150.pt
