Task 2: arch=recurrent seed=2
[INFO] Created SummaryWriter, saving to: runs/2026-08-07/test_runs/recurrentSNN/bs256_seed2...
Epoch: 1 | Time: 152.27637843200003 | train_total: 2.9487 | train_ce: 2.9487 | train_l1: 0.0000 | train_l2: 0.0000 | train_acc: 0.1086 | test_total: 2.8681 | test_ce: 2.8681 | test_l1: 0.0000 | test_l2: 0.0000 | test_acc: 0.1462
[INFO] Saving model to: models/recurrentSNN_seed2/recurrentSNN_epoch_001.pt
Epoch: 2 | Time: 147.635735066 | train_total: 2.8096 | train_ce: 2.8095 | train_l1: 0.0000 | train_l2: 0.0000 | train_acc: 0.1589 | test_total: 2.6977 | test_ce: 2.6977 | test_l1: 0.0001 | test_l2: 0.0000 | test_acc: 0.1767
[INFO] Saving model to: models/recurrentSNN_seed2/recurrentSNN_epoch_002.pt
Epoch: 3 | Time: 147.792861259 | train_total: 2.6238 | train_ce: 2.6235 | train_l1: 0.0003 | train_l2: 0.0000 | train_acc: 0.2039 | test_total: 2.4806 | test_ce: 2.4802 | test_l1: 0.0004 | test_l2: 0.0000 | test_acc: 0.2279
[INFO] Saving model to: models/recurrentSNN_seed2/recurrentSNN_epoch_003.pt
Epoch: 4 | Time: 147.70712903000003 | train_total: 2.4186 | train_ce: 2.4180 | train_l1: 0.0006 | train_l2: 0.0000 | train_acc: 0.2773 | test_total: 2.2753 | test_ce: 2.2746 | test_l1: 0.0007 | test_l2: 0.0000 | test_acc: 0.3140
[INFO] Saving model to: models/recurrentSNN_seed2/recurrentSNN_epoch_004.pt
Epoch: 5 | Time: 148.20569682999997 | train_total: 2.2217 | train_ce: 2.2209 | train_l1: 0.0008 | train_l2: 0.0000 | train_acc: 0.3328 | test_total: 2.0924 | test_ce: 2.0915 | test_l1: 0.0009 | test_l2: 0.0000 | test_acc: 0.3520
[INFO] Saving model to: models/recurrentSNN_seed2/recurrentSNN_epoch_005.pt
Epoch: 6 | Time: 147.80971837399989 | train_total: 2.0525 | train_ce: 2.0515 | train_l1: 0.0009 | train_l2: 0.0000 | train_acc: 0.3715 | test_total: 1.9484 | test_ce: 1.9474 | test_l1: 0.0011 | test_l2: 0.0000 | test_acc: 0.3790
[INFO] Saving model to: models/recurrentSNN_seed2/recurrentSNN_epoch_006.pt
Epoch: 7 | Time: 148.0196042 | train_total: 1.9070 | train_ce: 1.9060 | train_l1: 0.0011 | train_l2: 0.0000 | train_acc: 0.4066 | test_total: 1.8054 | test_ce: 1.8039 | test_l1: 0.0016 | test_l2: 0.0000 | test_acc: 0.4192
[INFO] Saving model to: models/recurrentSNN_seed2/recurrentSNN_epoch_007.pt
Epoch: 8 | Time: 147.68964960899984 | train_total: 1.7662 | train_ce: 1.7647 | train_l1: 0.0015 | train_l2: 0.0000 | train_acc: 0.4423 | test_total: 1.6944 | test_ce: 1.6921 | test_l1: 0.0023 | test_l2: 0.0000 | test_acc: 0.4474
[INFO] Saving model to: models/recurrentSNN_seed2/recurrentSNN_epoch_008.pt
Epoch: 9 | Time: 147.92138238400003 | train_total: 1.6630 | train_ce: 1.6608 | train_l1: 0.0022 | train_l2: 0.0000 | train_acc: 0.4637 | test_total: 1.6306 | test_ce: 1.6277 | test_l1: 0.0028 | test_l2: 0.0000 | test_acc: 0.4567
[INFO] Saving model to: models/recurrentSNN_seed2/recurrentSNN_epoch_009.pt
Epoch: 10 | Time: 147.8946935680001 | train_total: 1.5679 | train_ce: 1.5651 | train_l1: 0.0028 | train_l2: 0.0000 | train_acc: 0.4906 | test_total: 1.5461 | test_ce: 1.5420 | test_l1: 0.0041 | test_l2: 0.0000 | test_acc: 0.4784
[INFO] Saving model to: models/recurrentSNN_seed2/recurrentSNN_epoch_010.pt
Epoch: 11 | Time: 147.58545603899984 | train_total: 1.5106 | train_ce: 1.5066 | train_l1: 0.0040 | train_l2: 0.0000 | train_acc: 0.4963 | test_total: 1.6115 | test_ce: 1.6067 | test_l1: 0.0047 | test_l2: 0.0000 | test_acc: 0.4055
[INFO] Saving model to: models/recurrentSNN_seed2/recurrentSNN_epoch_011.pt
Epoch: 12 | Time: 147.6795401889999 | train_total: 1.4505 | train_ce: 1.4462 | train_l1: 0.0044 | train_l2: 0.0000 | train_acc: 0.5130 | test_total: 1.4532 | test_ce: 1.4469 | test_l1: 0.0063 | test_l2: 0.0000 | test_acc: 0.5053
[INFO] Saving model to: models/recurrentSNN_seed2/recurrentSNN_epoch_012.pt
Epoch: 13 | Time: 147.91395736200002 | train_total: 1.4058 | train_ce: 1.4005 | train_l1: 0.0053 | train_l2: 0.0000 | train_acc: 0.5332 | test_total: 1.4410 | test_ce: 1.4342 | test_l1: 0.0068 | test_l2: 0.0000 | test_acc: 0.5013
[INFO] Saving model to: models/recurrentSNN_seed2/recurrentSNN_epoch_013.pt
Epoch: 14 | Time: 147.66716340799985 | train_total: 1.3474 | train_ce: 1.3418 | train_l1: 0.0056 | train_l2: 0.0000 | train_acc: 0.5532 | test_total: 1.4567 | test_ce: 1.4498 | test_l1: 0.0069 | test_l2: 0.0000 | test_acc: 0.4938
[INFO] Saving model to: models/recurrentSNN_seed2/recurrentSNN_epoch_014.pt
Epoch: 15 | Time: 147.9929139349997 | train_total: 1.3157 | train_ce: 1.3092 | train_l1: 0.0065 | train_l2: 0.0000 | train_acc: 0.5579 | test_total: 1.3921 | test_ce: 1.3839 | test_l1: 0.0082 | test_l2: 0.0000 | test_acc: 0.5119
[INFO] Saving model to: models/recurrentSNN_seed2/recurrentSNN_epoch_015.pt
Epoch: 16 | Time: 148.1901780620001 | train_total: 1.2464 | train_ce: 1.2391 | train_l1: 0.0072 | train_l2: 0.0000 | train_acc: 0.5810 | test_total: 1.3688 | test_ce: 1.3593 | test_l1: 0.0095 | test_l2: 0.0000 | test_acc: 0.5199
[INFO] Saving model to: models/recurrentSNN_seed2/recurrentSNN_epoch_016.pt
Epoch: 17 | Time: 148.07344083500038 | train_total: 1.2298 | train_ce: 1.2216 | train_l1: 0.0081 | train_l2: 0.0000 | train_acc: 0.5850 | test_total: 1.3628 | test_ce: 1.3530 | test_l1: 0.0098 | test_l2: 0.0000 | test_acc: 0.5322
[INFO] Saving model to: models/recurrentSNN_seed2/recurrentSNN_epoch_017.pt
Epoch: 18 | Time: 147.93841895100013 | train_total: 1.1802 | train_ce: 1.1713 | train_l1: 0.0089 | train_l2: 0.0000 | train_acc: 0.6041 | test_total: 1.3449 | test_ce: 1.3319 | test_l1: 0.0131 | test_l2: 0.0000 | test_acc: 0.5216
[INFO] Saving model to: models/recurrentSNN_seed2/recurrentSNN_epoch_018.pt
Epoch: 19 | Time: 147.95571119399983 | train_total: 1.1358 | train_ce: 1.1263 | train_l1: 0.0095 | train_l2: 0.0000 | train_acc: 0.6195 | test_total: 1.2751 | test_ce: 1.2634 | test_l1: 0.0118 | test_l2: 0.0000 | test_acc: 0.5565
[INFO] Saving model to: models/recurrentSNN_seed2/recurrentSNN_epoch_019.pt
Epoch: 20 | Time: 148.23623662199998 | train_total: 1.0989 | train_ce: 1.0886 | train_l1: 0.0103 | train_l2: 0.0000 | train_acc: 0.6350 | test_total: 1.2704 | test_ce: 1.2568 | test_l1: 0.0137 | test_l2: 0.0000 | test_acc: 0.5565
[INFO] Saving model to: models/recurrentSNN_seed2/recurrentSNN_epoch_020.pt
Epoch: 21 | Time: 148.04691837599967 | train_total: 1.0701 | train_ce: 1.0589 | train_l1: 0.0111 | train_l2: 0.0000 | train_acc: 0.6530 | test_total: 1.2850 | test_ce: 1.2728 | test_l1: 0.0122 | test_l2: 0.0000 | test_acc: 0.5521
[INFO] Saving model to: models/recurrentSNN_seed2/recurrentSNN_epoch_021.pt
Epoch: 22 | Time: 148.15731887699985 | train_total: 1.0461 | train_ce: 1.0342 | train_l1: 0.0119 | train_l2: 0.0000 | train_acc: 0.6525 | test_total: 1.2267 | test_ce: 1.2131 | test_l1: 0.0136 | test_l2: 0.0000 | test_acc: 0.5605
[INFO] Saving model to: models/recurrentSNN_seed2/recurrentSNN_epoch_022.pt
Epoch: 23 | Time: 147.76468544800036 | train_total: 1.0022 | train_ce: 0.9903 | train_l1: 0.0119 | train_l2: 0.0000 | train_acc: 0.6665 | test_total: 1.2571 | test_ce: 1.2402 | test_l1: 0.0169 | test_l2: 0.0000 | test_acc: 0.5636
[INFO] Saving model to: models/recurrentSNN_seed2/recurrentSNN_epoch_023.pt
Epoch: 24 | Time: 148.29827108499921 | train_total: 0.9921 | train_ce: 0.9791 | train_l1: 0.0130 | train_l2: 0.0000 | train_acc: 0.6779 | test_total: 1.2362 | test_ce: 1.2230 | test_l1: 0.0131 | test_l2: 0.0000 | test_acc: 0.5596
[INFO] Saving model to: models/recurrentSNN_seed2/recurrentSNN_epoch_024.pt
Epoch: 25 | Time: 148.24937061800028 | train_total: 0.9467 | train_ce: 0.9337 | train_l1: 0.0130 | train_l2: 0.0000 | train_acc: 0.6883 | test_total: 1.2271 | test_ce: 1.2107 | test_l1: 0.0164 | test_l2: 0.0000 | test_acc: 0.5799
[INFO] Saving model to: models/recurrentSNN_seed2/recurrentSNN_epoch_025.pt
Epoch: 26 | Time: 148.11596400800045 | train_total: 0.9145 | train_ce: 0.9005 | train_l1: 0.0140 | train_l2: 0.0000 | train_acc: 0.7048 | test_total: 1.2268 | test_ce: 1.2084 | test_l1: 0.0184 | test_l2: 0.0000 | test_acc: 0.5852
[INFO] Saving model to: models/recurrentSNN_seed2/recurrentSNN_epoch_026.pt
Epoch: 27 | Time: 147.97832271299922 | train_total: 0.9032 | train_ce: 0.8877 | train_l1: 0.0155 | train_l2: 0.0000 | train_acc: 0.7110 | test_total: 1.1794 | test_ce: 1.1598 | test_l1: 0.0196 | test_l2: 0.0000 | test_acc: 0.6007
[INFO] Saving model to: models/recurrentSNN_seed2/recurrentSNN_epoch_027.pt
Epoch: 28 | Time: 147.71673419199942 | train_total: 0.8785 | train_ce: 0.8620 | train_l1: 0.0164 | train_l2: 0.0000 | train_acc: 0.7180 | test_total: 1.2051 | test_ce: 1.1879 | test_l1: 0.0172 | test_l2: 0.0000 | test_acc: 0.5738
[INFO] Saving model to: models/recurrentSNN_seed2/recurrentSNN_epoch_028.pt
Epoch: 29 | Time: 148.12303657099983 | train_total: 0.8370 | train_ce: 0.8203 | train_l1: 0.0167 | train_l2: 0.0000 | train_acc: 0.7333 | test_total: 1.1446 | test_ce: 1.1247 | test_l1: 0.0200 | test_l2: 0.0000 | test_acc: 0.6020
[INFO] Saving model to: models/recurrentSNN_seed2/recurrentSNN_epoch_029.pt
Epoch: 30 | Time: 148.3860465759999 | train_total: 0.8210 | train_ce: 0.8031 | train_l1: 0.0179 | train_l2: 0.0000 | train_acc: 0.7396 | test_total: 1.1378 | test_ce: 1.1161 | test_l1: 0.0217 | test_l2: 0.0000 | test_acc: 0.5998
[INFO] Saving model to: models/recurrentSNN_seed2/recurrentSNN_epoch_030.pt
Epoch: 31 | Time: 147.92687576799926 | train_total: 0.7929 | train_ce: 0.7745 | train_l1: 0.0184 | train_l2: 0.0000 | train_acc: 0.7544 | test_total: 1.1237 | test_ce: 1.1012 | test_l1: 0.0225 | test_l2: 0.0000 | test_acc: 0.6237
[INFO] Saving model to: models/recurrentSNN_seed2/recurrentSNN_epoch_031.pt
Epoch: 32 | Time: 147.4876906110003 | train_total: 0.7698 | train_ce: 0.7494 | train_l1: 0.0204 | train_l2: 0.0000 | train_acc: 0.7544 | test_total: 1.1347 | test_ce: 1.1113 | test_l1: 0.0235 | test_l2: 0.0000 | test_acc: 0.6069
[INFO] Saving model to: models/recurrentSNN_seed2/recurrentSNN_epoch_032.pt
Epoch: 33 | Time: 148.24473589700028 | train_total: 0.7634 | train_ce: 0.7431 | train_l1: 0.0203 | train_l2: 0.0000 | train_acc: 0.7639 | test_total: 1.1454 | test_ce: 1.1215 | test_l1: 0.0239 | test_l2: 0.0000 | test_acc: 0.6042
[INFO] Saving model to: models/recurrentSNN_seed2/recurrentSNN_epoch_033.pt
Epoch: 34 | Time: 148.33520596699964 | train_total: 0.7411 | train_ce: 0.7194 | train_l1: 0.0217 | train_l2: 0.0000 | train_acc: 0.7712 | test_total: 1.1177 | test_ce: 1.0923 | test_l1: 0.0253 | test_l2: 0.0000 | test_acc: 0.6153
[INFO] Saving model to: models/recurrentSNN_seed2/recurrentSNN_epoch_034.pt
Epoch: 35 | Time: 148.15368239000054 | train_total: 0.7326 | train_ce: 0.7093 | train_l1: 0.0233 | train_l2: 0.0000 | train_acc: 0.7711 | test_total: 1.0781 | test_ce: 1.0529 | test_l1: 0.0252 | test_l2: 0.0000 | test_acc: 0.6316
[INFO] Saving model to: models/recurrentSNN_seed2/recurrentSNN_epoch_035.pt
Epoch: 36 | Time: 147.8163617250002 | train_total: 0.7233 | train_ce: 0.7000 | train_l1: 0.0233 | train_l2: 0.0000 | train_acc: 0.7789 | test_total: 1.1087 | test_ce: 1.0803 | test_l1: 0.0284 | test_l2: 0.0000 | test_acc: 0.6290
[INFO] Saving model to: models/recurrentSNN_seed2/recurrentSNN_epoch_036.pt
Epoch: 37 | Time: 147.92334428699996 | train_total: 0.7075 | train_ce: 0.6831 | train_l1: 0.0244 | train_l2: 0.0000 | train_acc: 0.7848 | test_total: 1.0534 | test_ce: 1.0284 | test_l1: 0.0250 | test_l2: 0.0000 | test_acc: 0.6360
[INFO] Saving model to: models/recurrentSNN_seed2/recurrentSNN_epoch_037.pt
Epoch: 38 | Time: 147.76604840600066 | train_total: 0.6846 | train_ce: 0.6585 | train_l1: 0.0246 | train_l2: 0.0015 | train_acc: 0.7951 | test_total: 1.1101 | test_ce: 1.0824 | test_l1: 0.0277 | test_l2: 0.0000 | test_acc: 0.6268
[INFO] Saving model to: models/recurrentSNN_seed2/recurrentSNN_epoch_038.pt
Epoch: 39 | Time: 147.67837189500005 | train_total: 0.6845 | train_ce: 0.6600 | train_l1: 0.0246 | train_l2: 0.0000 | train_acc: 0.7900 | test_total: 1.0818 | test_ce: 1.0512 | test_l1: 0.0306 | test_l2: 0.0000 | test_acc: 0.6347
[INFO] Saving model to: models/recurrentSNN_seed2/recurrentSNN_epoch_039.pt
Epoch: 40 | Time: 148.23001225999997 | train_total: 0.6538 | train_ce: 0.6293 | train_l1: 0.0245 | train_l2: 0.0000 | train_acc: 0.8111 | test_total: 1.0575 | test_ce: 1.0234 | test_l1: 0.0342 | test_l2: 0.0000 | test_acc: 0.6502
[INFO] Saving model to: models/recurrentSNN_seed2/recurrentSNN_epoch_040.pt
Epoch: 41 | Time: 147.9827720759995 | train_total: 0.6383 | train_ce: 0.6089 | train_l1: 0.0283 | train_l2: 0.0012 | train_acc: 0.8138 | test_total: 1.0475 | test_ce: 1.0175 | test_l1: 0.0300 | test_l2: 0.0000 | test_acc: 0.6489
[INFO] Saving model to: models/recurrentSNN_seed2/recurrentSNN_epoch_041.pt
Epoch: 42 | Time: 147.6917617150002 | train_total: 0.6212 | train_ce: 0.5928 | train_l1: 0.0276 | train_l2: 0.0008 | train_acc: 0.8215 | test_total: 1.0523 | test_ce: 1.0227 | test_l1: 0.0296 | test_l2: 0.0000 | test_acc: 0.6462
[INFO] Saving model to: models/recurrentSNN_seed2/recurrentSNN_epoch_042.pt
Epoch: 43 | Time: 147.77718772200024 | train_total: 0.6317 | train_ce: 0.6021 | train_l1: 0.0273 | train_l2: 0.0023 | train_acc: 0.8172 | test_total: 1.0833 | test_ce: 1.0508 | test_l1: 0.0325 | test_l2: 0.0000 | test_acc: 0.6352
[INFO] Saving model to: models/recurrentSNN_seed2/recurrentSNN_epoch_043.pt
Epoch: 44 | Time: 147.95105229399996 | train_total: 0.6128 | train_ce: 0.5834 | train_l1: 0.0275 | train_l2: 0.0019 | train_acc: 0.8209 | test_total: 1.0722 | test_ce: 1.0422 | test_l1: 0.0300 | test_l2: 0.0000 | test_acc: 0.6440
[INFO] Saving model to: models/recurrentSNN_seed2/recurrentSNN_epoch_044.pt
Epoch: 45 | Time: 147.89103401400007 | train_total: 0.5947 | train_ce: 0.5626 | train_l1: 0.0295 | train_l2: 0.0026 | train_acc: 0.8315 | test_total: 1.0563 | test_ce: 1.0265 | test_l1: 0.0298 | test_l2: 0.0000 | test_acc: 0.6564
[INFO] Saving model to: models/recurrentSNN_seed2/recurrentSNN_epoch_045.pt
Epoch: 46 | Time: 147.35938127200006 | train_total: 0.5800 | train_ce: 0.5540 | train_l1: 0.0260 | train_l2: 0.0000 | train_acc: 0.8337 | test_total: 1.0870 | test_ce: 1.0600 | test_l1: 0.0270 | test_l2: 0.0000 | test_acc: 0.6431
[INFO] Saving model to: models/recurrentSNN_seed2/recurrentSNN_epoch_046.pt
Epoch: 47 | Time: 147.7551421980006 | train_total: 0.5621 | train_ce: 0.5324 | train_l1: 0.0291 | train_l2: 0.0005 | train_acc: 0.8428 | test_total: 1.0486 | test_ce: 1.0190 | test_l1: 0.0296 | test_l2: 0.0000 | test_acc: 0.6462
[INFO] Saving model to: models/recurrentSNN_seed2/recurrentSNN_epoch_047.pt
Epoch: 48 | Time: 147.16433267799948 | train_total: 0.5446 | train_ce: 0.5150 | train_l1: 0.0295 | train_l2: 0.0001 | train_acc: 0.8465 | test_total: 1.0869 | test_ce: 1.0543 | test_l1: 0.0325 | test_l2: 0.0000 | test_acc: 0.6511
[INFO] Saving model to: models/recurrentSNN_seed2/recurrentSNN_epoch_048.pt
Epoch: 49 | Time: 147.7704503979985 | train_total: 0.5249 | train_ce: 0.4947 | train_l1: 0.0297 | train_l2: 0.0004 | train_acc: 0.8532 | test_total: 1.0700 | test_ce: 1.0347 | test_l1: 0.0353 | test_l2: 0.0000 | test_acc: 0.6466
[INFO] Saving model to: models/recurrentSNN_seed2/recurrentSNN_epoch_049.pt
Epoch: 50 | Time: 147.20171724400097 | train_total: 0.5169 | train_ce: 0.4864 | train_l1: 0.0303 | train_l2: 0.0003 | train_acc: 0.8534 | test_total: 1.0840 | test_ce: 1.0542 | test_l1: 0.0298 | test_l2: 0.0000 | test_acc: 0.6449
[INFO] Saving model to: models/recurrentSNN_seed2/recurrentSNN_epoch_050.pt
Epoch: 51 | Time: 146.04206024199993 | train_total: 0.5121 | train_ce: 0.4797 | train_l1: 0.0321 | train_l2: 0.0003 | train_acc: 0.8550 | test_total: 1.0677 | test_ce: 1.0305 | test_l1: 0.0372 | test_l2: 0.0000 | test_acc: 0.6542
[INFO] Saving model to: models/recurrentSNN_seed2/recurrentSNN_epoch_051.pt
Epoch: 52 | Time: 146.10557211499872 | train_total: 0.5077 | train_ce: 0.4742 | train_l1: 0.0331 | train_l2: 0.0005 | train_acc: 0.8565 | test_total: 1.1057 | test_ce: 1.0700 | test_l1: 0.0356 | test_l2: 0.0000 | test_acc: 0.6458
[INFO] Saving model to: models/recurrentSNN_seed2/recurrentSNN_epoch_052.pt
Epoch: 53 | Time: 146.03712300299958 | train_total: 0.5011 | train_ce: 0.4687 | train_l1: 0.0323 | train_l2: 0.0001 | train_acc: 0.8563 | test_total: 1.0723 | test_ce: 1.0368 | test_l1: 0.0356 | test_l2: 0.0000 | test_acc: 0.6462
[INFO] Saving model to: models/recurrentSNN_seed2/recurrentSNN_epoch_053.pt
Epoch: 54 | Time: 146.2521251979997 | train_total: 0.4972 | train_ce: 0.4639 | train_l1: 0.0329 | train_l2: 0.0004 | train_acc: 0.8568 | test_total: 1.1088 | test_ce: 1.0768 | test_l1: 0.0320 | test_l2: 0.0000 | test_acc: 0.6471
[INFO] Saving model to: models/recurrentSNN_seed2/recurrentSNN_epoch_054.pt
Epoch: 55 | Time: 145.2874716490005 | train_total: 0.4649 | train_ce: 0.4350 | train_l1: 0.0299 | train_l2: 0.0000 | train_acc: 0.8706 | test_total: 1.0589 | test_ce: 1.0253 | test_l1: 0.0335 | test_l2: 0.0000 | test_acc: 0.6577
[INFO] Saving model to: models/recurrentSNN_seed2/recurrentSNN_epoch_055.pt
Epoch: 56 | Time: 145.7848429530004 | train_total: 0.4610 | train_ce: 0.4271 | train_l1: 0.0336 | train_l2: 0.0004 | train_acc: 0.8727 | test_total: 1.0717 | test_ce: 1.0305 | test_l1: 0.0412 | test_l2: 0.0000 | test_acc: 0.6603
[INFO] Saving model to: models/recurrentSNN_seed2/recurrentSNN_epoch_056.pt
Epoch: 57 | Time: 145.4327816219993 | train_total: 0.4505 | train_ce: 0.4174 | train_l1: 0.0331 | train_l2: 0.0000 | train_acc: 0.8748 | test_total: 1.1215 | test_ce: 1.0906 | test_l1: 0.0309 | test_l2: 0.0000 | test_acc: 0.6471
[INFO] Saving model to: models/recurrentSNN_seed2/recurrentSNN_epoch_057.pt
Epoch: 58 | Time: 145.3853589270002 | train_total: 0.4695 | train_ce: 0.4365 | train_l1: 0.0322 | train_l2: 0.0007 | train_acc: 0.8664 | test_total: 1.0388 | test_ce: 1.0027 | test_l1: 0.0361 | test_l2: 0.0000 | test_acc: 0.6696
[INFO] Saving model to: models/recurrentSNN_seed2/recurrentSNN_epoch_058.pt
Epoch: 59 | Time: 145.53738138599874 | train_total: 0.4343 | train_ce: 0.4027 | train_l1: 0.0316 | train_l2: 0.0000 | train_acc: 0.8814 | test_total: 1.0554 | test_ce: 1.0219 | test_l1: 0.0335 | test_l2: 0.0000 | test_acc: 0.6639
[INFO] Saving model to: models/recurrentSNN_seed2/recurrentSNN_epoch_059.pt
Epoch: 60 | Time: 145.72649909899883 | train_total: 0.4376 | train_ce: 0.4054 | train_l1: 0.0322 | train_l2: 0.0000 | train_acc: 0.8754 | test_total: 1.1093 | test_ce: 1.0769 | test_l1: 0.0324 | test_l2: 0.0000 | test_acc: 0.6515
[INFO] Saving model to: models/recurrentSNN_seed2/recurrentSNN_epoch_060.pt
Epoch: 61 | Time: 145.55401175100087 | train_total: 0.4115 | train_ce: 0.3784 | train_l1: 0.0331 | train_l2: 0.0000 | train_acc: 0.8883 | test_total: 1.1014 | test_ce: 1.0617 | test_l1: 0.0397 | test_l2: 0.0000 | test_acc: 0.6661
[INFO] Saving model to: models/recurrentSNN_seed2/recurrentSNN_epoch_061.pt
Epoch: 62 | Time: 144.7604654480001 | train_total: 0.4073 | train_ce: 0.3742 | train_l1: 0.0331 | train_l2: 0.0000 | train_acc: 0.8906 | test_total: 1.0546 | test_ce: 1.0167 | test_l1: 0.0379 | test_l2: 0.0000 | test_acc: 0.6731
[INFO] Saving model to: models/recurrentSNN_seed2/recurrentSNN_epoch_062.pt
Epoch: 63 | Time: 144.85487741100042 | train_total: 0.3912 | train_ce: 0.3571 | train_l1: 0.0341 | train_l2: 0.0000 | train_acc: 0.8941 | test_total: 1.0341 | test_ce: 0.9997 | test_l1: 0.0344 | test_l2: 0.0000 | test_acc: 0.6714
[INFO] Saving model to: models/recurrentSNN_seed2/recurrentSNN_epoch_063.pt
Epoch: 64 | Time: 145.12341364299937 | train_total: 0.3896 | train_ce: 0.3569 | train_l1: 0.0327 | train_l2: 0.0000 | train_acc: 0.8976 | test_total: 1.1705 | test_ce: 1.1324 | test_l1: 0.0381 | test_l2: 0.0000 | test_acc: 0.6528
[INFO] Saving model to: models/recurrentSNN_seed2/recurrentSNN_epoch_064.pt
Epoch: 65 | Time: 145.73313037400112 | train_total: 0.3810 | train_ce: 0.3473 | train_l1: 0.0337 | train_l2: 0.0000 | train_acc: 0.9019 | test_total: 1.1058 | test_ce: 1.0680 | test_l1: 0.0378 | test_l2: 0.0000 | test_acc: 0.6595
[INFO] Saving model to: models/recurrentSNN_seed2/recurrentSNN_epoch_065.pt
Epoch: 66 | Time: 144.76742443199873 | train_total: 0.3775 | train_ce: 0.3437 | train_l1: 0.0336 | train_l2: 0.0003 | train_acc: 0.8955 | test_total: 1.0946 | test_ce: 1.0559 | test_l1: 0.0387 | test_l2: 0.0000 | test_acc: 0.6687
[INFO] Saving model to: models/recurrentSNN_seed2/recurrentSNN_epoch_066.pt
Epoch: 67 | Time: 145.33905604499887 | train_total: 0.3788 | train_ce: 0.3443 | train_l1: 0.0340 | train_l2: 0.0006 | train_acc: 0.8996 | test_total: 1.1314 | test_ce: 1.0996 | test_l1: 0.0318 | test_l2: 0.0000 | test_acc: 0.6489
[INFO] Saving model to: models/recurrentSNN_seed2/recurrentSNN_epoch_067.pt
Epoch: 68 | Time: 145.77262165499997 | train_total: 0.3792 | train_ce: 0.3456 | train_l1: 0.0335 | train_l2: 0.0001 | train_acc: 0.8963 | test_total: 1.0676 | test_ce: 1.0259 | test_l1: 0.0417 | test_l2: 0.0000 | test_acc: 0.6758
[INFO] Saving model to: models/recurrentSNN_seed2/recurrentSNN_epoch_068.pt
Epoch: 69 | Time: 145.41073947299992 | train_total: 0.3766 | train_ce: 0.3430 | train_l1: 0.0336 | train_l2: 0.0000 | train_acc: 0.8974 | test_total: 1.1009 | test_ce: 1.0649 | test_l1: 0.0360 | test_l2: 0.0000 | test_acc: 0.6758
[INFO] Saving model to: models/recurrentSNN_seed2/recurrentSNN_epoch_069.pt
Epoch: 70 | Time: 145.56535189699935 | train_total: 0.3438 | train_ce: 0.3121 | train_l1: 0.0317 | train_l2: 0.0000 | train_acc: 0.9094 | test_total: 1.1861 | test_ce: 1.1499 | test_l1: 0.0362 | test_l2: 0.0000 | test_acc: 0.6612
[INFO] Saving model to: models/recurrentSNN_seed2/recurrentSNN_epoch_070.pt
Epoch: 71 | Time: 145.88648122300037 | train_total: 0.3470 | train_ce: 0.3138 | train_l1: 0.0332 | train_l2: 0.0000 | train_acc: 0.9085 | test_total: 1.0791 | test_ce: 1.0431 | test_l1: 0.0361 | test_l2: 0.0000 | test_acc: 0.6771
[INFO] Saving model to: models/recurrentSNN_seed2/recurrentSNN_epoch_071.pt
Epoch: 72 | Time: 145.90290721599922 | train_total: 0.3466 | train_ce: 0.3144 | train_l1: 0.0322 | train_l2: 0.0000 | train_acc: 0.9067 | test_total: 1.0992 | test_ce: 1.0627 | test_l1: 0.0365 | test_l2: 0.0000 | test_acc: 0.6776
[INFO] Saving model to: models/recurrentSNN_seed2/recurrentSNN_epoch_072.pt
Epoch: 73 | Time: 145.77982634 | train_total: 0.3667 | train_ce: 0.3324 | train_l1: 0.0343 | train_l2: 0.0000 | train_acc: 0.8992 | test_total: 1.1032 | test_ce: 1.0666 | test_l1: 0.0366 | test_l2: 0.0000 | test_acc: 0.6754
[INFO] Saving model to: models/recurrentSNN_seed2/recurrentSNN_epoch_073.pt
Epoch: 74 | Time: 145.53575171699958 | train_total: 0.3147 | train_ce: 0.2818 | train_l1: 0.0329 | train_l2: 0.0000 | train_acc: 0.9196 | test_total: 1.0844 | test_ce: 1.0491 | test_l1: 0.0353 | test_l2: 0.0000 | test_acc: 0.6793
[INFO] Saving model to: models/recurrentSNN_seed2/recurrentSNN_epoch_074.pt
Epoch: 75 | Time: 145.45550870899933 | train_total: 0.3351 | train_ce: 0.3032 | train_l1: 0.0319 | train_l2: 0.0000 | train_acc: 0.9091 | test_total: 1.0615 | test_ce: 1.0223 | test_l1: 0.0392 | test_l2: 0.0000 | test_acc: 0.6727
[INFO] Saving model to: models/recurrentSNN_seed2/recurrentSNN_epoch_075.pt
Epoch: 76 | Time: 145.29905253200013 | train_total: 0.3170 | train_ce: 0.2833 | train_l1: 0.0337 | train_l2: 0.0000 | train_acc: 0.9186 | test_total: 1.1197 | test_ce: 1.0842 | test_l1: 0.0355 | test_l2: 0.0000 | test_acc: 0.6670
[INFO] Saving model to: models/recurrentSNN_seed2/recurrentSNN_epoch_076.pt
Epoch: 77 | Time: 145.8454824069995 | train_total: 0.3124 | train_ce: 0.2804 | train_l1: 0.0320 | train_l2: 0.0000 | train_acc: 0.9194 | test_total: 1.1232 | test_ce: 1.0900 | test_l1: 0.0331 | test_l2: 0.0000 | test_acc: 0.6740
[INFO] Saving model to: models/recurrentSNN_seed2/recurrentSNN_epoch_077.pt
Epoch: 78 | Time: 145.86227280599996 | train_total: 0.3021 | train_ce: 0.2705 | train_l1: 0.0316 | train_l2: 0.0000 | train_acc: 0.9183 | test_total: 1.0919 | test_ce: 1.0505 | test_l1: 0.0415 | test_l2: 0.0000 | test_acc: 0.6718
[INFO] Saving model to: models/recurrentSNN_seed2/recurrentSNN_epoch_078.pt
Epoch: 79 | Time: 145.1567985799993 | train_total: 0.2976 | train_ce: 0.2666 | train_l1: 0.0310 | train_l2: 0.0000 | train_acc: 0.9223 | test_total: 1.0805 | test_ce: 1.0465 | test_l1: 0.0339 | test_l2: 0.0000 | test_acc: 0.6793
[INFO] Saving model to: models/recurrentSNN_seed2/recurrentSNN_epoch_079.pt
Epoch: 80 | Time: 145.77034816000014 | train_total: 0.2908 | train_ce: 0.2588 | train_l1: 0.0320 | train_l2: 0.0000 | train_acc: 0.9244 | test_total: 1.1883 | test_ce: 1.1549 | test_l1: 0.0334 | test_l2: 0.0000 | test_acc: 0.6692
[INFO] Saving model to: models/recurrentSNN_seed2/recurrentSNN_epoch_080.pt
Epoch: 81 | Time: 145.82627148399843 | train_total: 0.2954 | train_ce: 0.2635 | train_l1: 0.0320 | train_l2: 0.0000 | train_acc: 0.9234 | test_total: 1.0460 | test_ce: 1.0098 | test_l1: 0.0362 | test_l2: 0.0000 | test_acc: 0.6846
[INFO] Saving model to: models/recurrentSNN_seed2/recurrentSNN_epoch_081.pt
Epoch: 82 | Time: 145.05004652200114 | train_total: 0.2824 | train_ce: 0.2517 | train_l1: 0.0306 | train_l2: 0.0000 | train_acc: 0.9302 | test_total: 1.1410 | test_ce: 1.1065 | test_l1: 0.0345 | test_l2: 0.0000 | test_acc: 0.6714
[INFO] Saving model to: models/recurrentSNN_seed2/recurrentSNN_epoch_082.pt
Epoch: 83 | Time: 145.1302890549996 | train_total: 0.2964 | train_ce: 0.2647 | train_l1: 0.0316 | train_l2: 0.0000 | train_acc: 0.9218 | test_total: 1.1944 | test_ce: 1.1584 | test_l1: 0.0360 | test_l2: 0.0000 | test_acc: 0.6652
[INFO] Saving model to: models/recurrentSNN_seed2/recurrentSNN_epoch_083.pt
Epoch: 84 | Time: 145.24498076000054 | train_total: 0.3099 | train_ce: 0.2759 | train_l1: 0.0340 | train_l2: 0.0000 | train_acc: 0.9176 | test_total: 1.0897 | test_ce: 1.0510 | test_l1: 0.0387 | test_l2: 0.0000 | test_acc: 0.6895
[INFO] Saving model to: models/recurrentSNN_seed2/recurrentSNN_epoch_084.pt
Epoch: 85 | Time: 144.8927244009992 | train_total: 0.2959 | train_ce: 0.2627 | train_l1: 0.0331 | train_l2: 0.0000 | train_acc: 0.9217 | test_total: 1.1065 | test_ce: 1.0676 | test_l1: 0.0389 | test_l2: 0.0000 | test_acc: 0.6784
[INFO] Saving model to: models/recurrentSNN_seed2/recurrentSNN_epoch_085.pt
Epoch: 86 | Time: 145.32197827600066 | train_total: 0.2771 | train_ce: 0.2451 | train_l1: 0.0320 | train_l2: 0.0000 | train_acc: 0.9282 | test_total: 1.0725 | test_ce: 1.0380 | test_l1: 0.0346 | test_l2: 0.0000 | test_acc: 0.6886
[INFO] Saving model to: models/recurrentSNN_seed2/recurrentSNN_epoch_086.pt
Epoch: 87 | Time: 145.29954157300017 | train_total: 0.2651 | train_ce: 0.2326 | train_l1: 0.0325 | train_l2: 0.0000 | train_acc: 0.9345 | test_total: 1.2267 | test_ce: 1.1916 | test_l1: 0.0351 | test_l2: 0.0000 | test_acc: 0.6723
[INFO] Saving model to: models/recurrentSNN_seed2/recurrentSNN_epoch_087.pt
Epoch: 88 | Time: 145.10342272900016 | train_total: 0.2801 | train_ce: 0.2488 | train_l1: 0.0314 | train_l2: 0.0000 | train_acc: 0.9256 | test_total: 1.1130 | test_ce: 1.0797 | test_l1: 0.0333 | test_l2: 0.0000 | test_acc: 0.6820
[INFO] Saving model to: models/recurrentSNN_seed2/recurrentSNN_epoch_088.pt
Epoch: 89 | Time: 145.2255036709994 | train_total: 0.2599 | train_ce: 0.2290 | train_l1: 0.0309 | train_l2: 0.0000 | train_acc: 0.9340 | test_total: 1.1048 | test_ce: 1.0685 | test_l1: 0.0363 | test_l2: 0.0000 | test_acc: 0.6868
[INFO] Saving model to: models/recurrentSNN_seed2/recurrentSNN_epoch_089.pt
Epoch: 90 | Time: 145.4549175610009 | train_total: 0.2589 | train_ce: 0.2274 | train_l1: 0.0315 | train_l2: 0.0000 | train_acc: 0.9329 | test_total: 1.2833 | test_ce: 1.2508 | test_l1: 0.0325 | test_l2: 0.0000 | test_acc: 0.6652
[INFO] Saving model to: models/recurrentSNN_seed2/recurrentSNN_epoch_090.pt
Epoch: 91 | Time: 145.24653827700058 | train_total: 0.2664 | train_ce: 0.2353 | train_l1: 0.0311 | train_l2: 0.0000 | train_acc: 0.9307 | test_total: 1.1700 | test_ce: 1.1351 | test_l1: 0.0349 | test_l2: 0.0000 | test_acc: 0.6793
[INFO] Saving model to: models/recurrentSNN_seed2/recurrentSNN_epoch_091.pt
Epoch: 92 | Time: 145.54296585200063 | train_total: 0.2615 | train_ce: 0.2310 | train_l1: 0.0305 | train_l2: 0.0000 | train_acc: 0.9355 | test_total: 1.1830 | test_ce: 1.1496 | test_l1: 0.0334 | test_l2: 0.0000 | test_acc: 0.6709
[INFO] Saving model to: models/recurrentSNN_seed2/recurrentSNN_epoch_092.pt
Epoch: 93 | Time: 145.60208481800146 | train_total: 0.2569 | train_ce: 0.2260 | train_l1: 0.0309 | train_l2: 0.0000 | train_acc: 0.9343 | test_total: 1.2522 | test_ce: 1.2159 | test_l1: 0.0363 | test_l2: 0.0000 | test_acc: 0.6581
[INFO] Saving model to: models/recurrentSNN_seed2/recurrentSNN_epoch_093.pt
Epoch: 94 | Time: 145.38423879200127 | train_total: 0.2908 | train_ce: 0.2607 | train_l1: 0.0301 | train_l2: 0.0000 | train_acc: 0.9198 | test_total: 1.2205 | test_ce: 1.1902 | test_l1: 0.0303 | test_l2: 0.0000 | test_acc: 0.6683
[INFO] Saving model to: models/recurrentSNN_seed2/recurrentSNN_epoch_094.pt
Epoch: 95 | Time: 145.42070928999965 | train_total: 0.2533 | train_ce: 0.2231 | train_l1: 0.0302 | train_l2: 0.0000 | train_acc: 0.9361 | test_total: 1.1625 | test_ce: 1.1287 | test_l1: 0.0338 | test_l2: 0.0000 | test_acc: 0.6842
[INFO] Saving model to: models/recurrentSNN_seed2/recurrentSNN_epoch_095.pt
Epoch: 96 | Time: 145.5479076149968 | train_total: 0.2300 | train_ce: 0.2004 | train_l1: 0.0297 | train_l2: 0.0000 | train_acc: 0.9429 | test_total: 1.1357 | test_ce: 1.1028 | test_l1: 0.0330 | test_l2: 0.0000 | test_acc: 0.6868
[INFO] Saving model to: models/recurrentSNN_seed2/recurrentSNN_epoch_096.pt
Epoch: 97 | Time: 145.6402146850014 | train_total: 0.2293 | train_ce: 0.2002 | train_l1: 0.0291 | train_l2: 0.0000 | train_acc: 0.9449 | test_total: 1.0717 | test_ce: 1.0349 | test_l1: 0.0368 | test_l2: 0.0000 | test_acc: 0.6961
[INFO] Saving model to: models/recurrentSNN_seed2/recurrentSNN_epoch_097.pt
Epoch: 98 | Time: 145.81139615999928 | train_total: 0.2330 | train_ce: 0.2033 | train_l1: 0.0297 | train_l2: 0.0000 | train_acc: 0.9427 | test_total: 1.1375 | test_ce: 1.1043 | test_l1: 0.0332 | test_l2: 0.0000 | test_acc: 0.6846
[INFO] Saving model to: models/recurrentSNN_seed2/recurrentSNN_epoch_098.pt
Epoch: 99 | Time: 145.71914020199983 | train_total: 0.2441 | train_ce: 0.2135 | train_l1: 0.0306 | train_l2: 0.0000 | train_acc: 0.9385 | test_total: 1.0897 | test_ce: 1.0543 | test_l1: 0.0353 | test_l2: 0.0000 | test_acc: 0.6939
[INFO] Saving model to: models/recurrentSNN_seed2/recurrentSNN_epoch_099.pt
Epoch: 100 | Time: 145.04393836500094 | train_total: 0.2082 | train_ce: 0.1799 | train_l1: 0.0283 | train_l2: 0.0000 | train_acc: 0.9530 | test_total: 1.1727 | test_ce: 1.1420 | test_l1: 0.0308 | test_l2: 0.0000 | test_acc: 0.6807
[INFO] Saving model to: models/recurrentSNN_seed2/recurrentSNN_epoch_100.pt
Epoch: 101 | Time: 145.18731775799824 | train_total: 0.2087 | train_ce: 0.1786 | train_l1: 0.0300 | train_l2: 0.0000 | train_acc: 0.9538 | test_total: 1.1027 | test_ce: 1.0654 | test_l1: 0.0373 | test_l2: 0.0000 | test_acc: 0.6904
[INFO] Saving model to: models/recurrentSNN_seed2/recurrentSNN_epoch_101.pt
Epoch: 102 | Time: 145.26636188700286 | train_total: 0.2098 | train_ce: 0.1807 | train_l1: 0.0291 | train_l2: 0.0000 | train_acc: 0.9540 | test_total: 1.1375 | test_ce: 1.1053 | test_l1: 0.0322 | test_l2: 0.0000 | test_acc: 0.6904
[INFO] Saving model to: models/recurrentSNN_seed2/recurrentSNN_epoch_102.pt
Epoch: 103 | Time: 145.24508486999912 | train_total: 0.2462 | train_ce: 0.2166 | train_l1: 0.0297 | train_l2: 0.0000 | train_acc: 0.9351 | test_total: 1.1732 | test_ce: 1.1401 | test_l1: 0.0331 | test_l2: 0.0000 | test_acc: 0.6961
[INFO] Saving model to: models/recurrentSNN_seed2/recurrentSNN_epoch_103.pt
Epoch: 104 | Time: 145.8139065180003 | train_total: 0.2163 | train_ce: 0.1881 | train_l1: 0.0282 | train_l2: 0.0000 | train_acc: 0.9468 | test_total: 1.0792 | test_ce: 1.0441 | test_l1: 0.0351 | test_l2: 0.0000 | test_acc: 0.6935
[INFO] Saving model to: models/recurrentSNN_seed2/recurrentSNN_epoch_104.pt
Epoch: 105 | Time: 145.79204522700093 | train_total: 0.2066 | train_ce: 0.1771 | train_l1: 0.0295 | train_l2: 0.0000 | train_acc: 0.9516 | test_total: 1.2036 | test_ce: 1.1691 | test_l1: 0.0344 | test_l2: 0.0000 | test_acc: 0.6771
[INFO] Saving model to: models/recurrentSNN_seed2/recurrentSNN_epoch_105.pt
Epoch: 106 | Time: 145.16867198800173 | train_total: 0.2312 | train_ce: 0.2017 | train_l1: 0.0295 | train_l2: 0.0000 | train_acc: 0.9443 | test_total: 1.1067 | test_ce: 1.0737 | test_l1: 0.0330 | test_l2: 0.0000 | test_acc: 0.6913
[INFO] Saving model to: models/recurrentSNN_seed2/recurrentSNN_epoch_106.pt
Epoch: 107 | Time: 145.91702130499834 | train_total: 0.1943 | train_ce: 0.1654 | train_l1: 0.0290 | train_l2: 0.0000 | train_acc: 0.9571 | test_total: 1.1379 | test_ce: 1.1056 | test_l1: 0.0323 | test_l2: 0.0000 | test_acc: 0.6899
[INFO] Saving model to: models/recurrentSNN_seed2/recurrentSNN_epoch_107.pt
Epoch: 108 | Time: 145.73767620199942 | train_total: 0.1948 | train_ce: 0.1657 | train_l1: 0.0292 | train_l2: 0.0000 | train_acc: 0.9546 | test_total: 1.1655 | test_ce: 1.1325 | test_l1: 0.0330 | test_l2: 0.0000 | test_acc: 0.6784
[INFO] Saving model to: models/recurrentSNN_seed2/recurrentSNN_epoch_108.pt
Epoch: 109 | Time: 146.0984839119992 | train_total: 0.1877 | train_ce: 0.1596 | train_l1: 0.0282 | train_l2: 0.0000 | train_acc: 0.9603 | test_total: 1.2528 | test_ce: 1.2216 | test_l1: 0.0312 | test_l2: 0.0000 | test_acc: 0.6652
[INFO] Saving model to: models/recurrentSNN_seed2/recurrentSNN_epoch_109.pt
Epoch: 110 | Time: 145.42308571200192 | train_total: 0.1867 | train_ce: 0.1582 | train_l1: 0.0285 | train_l2: 0.0000 | train_acc: 0.9610 | test_total: 1.1235 | test_ce: 1.0912 | test_l1: 0.0324 | test_l2: 0.0000 | test_acc: 0.6917
[INFO] Saving model to: models/recurrentSNN_seed2/recurrentSNN_epoch_110.pt
Epoch: 111 | Time: 145.3597407590023 | train_total: 0.1825 | train_ce: 0.1535 | train_l1: 0.0290 | train_l2: 0.0000 | train_acc: 0.9619 | test_total: 1.2304 | test_ce: 1.1992 | test_l1: 0.0312 | test_l2: 0.0000 | test_acc: 0.6665
[INFO] Saving model to: models/recurrentSNN_seed2/recurrentSNN_epoch_111.pt
Epoch: 112 | Time: 144.7510735600008 | train_total: 0.1912 | train_ce: 0.1627 | train_l1: 0.0284 | train_l2: 0.0000 | train_acc: 0.9590 | test_total: 1.1947 | test_ce: 1.1612 | test_l1: 0.0334 | test_l2: 0.0000 | test_acc: 0.6771
[INFO] Saving model to: models/recurrentSNN_seed2/recurrentSNN_epoch_112.pt
Epoch: 113 | Time: 145.46115939299852 | train_total: 0.1907 | train_ce: 0.1618 | train_l1: 0.0289 | train_l2: 0.0000 | train_acc: 0.9570 | test_total: 1.2097 | test_ce: 1.1798 | test_l1: 0.0300 | test_l2: 0.0000 | test_acc: 0.6771
[INFO] Saving model to: models/recurrentSNN_seed2/recurrentSNN_epoch_113.pt
Epoch: 114 | Time: 144.7293304800005 | train_total: 0.1892 | train_ce: 0.1607 | train_l1: 0.0285 | train_l2: 0.0000 | train_acc: 0.9583 | test_total: 1.1580 | test_ce: 1.1229 | test_l1: 0.0351 | test_l2: 0.0000 | test_acc: 0.6939
[INFO] Saving model to: models/recurrentSNN_seed2/recurrentSNN_epoch_114.pt
Epoch: 115 | Time: 145.37150971099982 | train_total: 0.1857 | train_ce: 0.1572 | train_l1: 0.0286 | train_l2: 0.0000 | train_acc: 0.9592 | test_total: 1.1915 | test_ce: 1.1598 | test_l1: 0.0317 | test_l2: 0.0000 | test_acc: 0.6899
[INFO] Saving model to: models/recurrentSNN_seed2/recurrentSNN_epoch_115.pt
Epoch: 116 | Time: 145.41504728200016 | train_total: 0.1971 | train_ce: 0.1695 | train_l1: 0.0276 | train_l2: 0.0000 | train_acc: 0.9539 | test_total: 1.2084 | test_ce: 1.1752 | test_l1: 0.0332 | test_l2: 0.0000 | test_acc: 0.6802
[INFO] Saving model to: models/recurrentSNN_seed2/recurrentSNN_epoch_116.pt
Epoch: 117 | Time: 145.19757126900004 | train_total: 0.1793 | train_ce: 0.1515 | train_l1: 0.0278 | train_l2: 0.0000 | train_acc: 0.9621 | test_total: 1.1720 | test_ce: 1.1396 | test_l1: 0.0324 | test_l2: 0.0000 | test_acc: 0.6908
[INFO] Saving model to: models/recurrentSNN_seed2/recurrentSNN_epoch_117.pt
Epoch: 118 | Time: 145.9406766259999 | train_total: 0.1834 | train_ce: 0.1554 | train_l1: 0.0280 | train_l2: 0.0000 | train_acc: 0.9581 | test_total: 1.1624 | test_ce: 1.1284 | test_l1: 0.0341 | test_l2: 0.0000 | test_acc: 0.6886
[INFO] Saving model to: models/recurrentSNN_seed2/recurrentSNN_epoch_118.pt
Epoch: 119 | Time: 145.53447379700083 | train_total: 0.1998 | train_ce: 0.1729 | train_l1: 0.0269 | train_l2: 0.0000 | train_acc: 0.9527 | test_total: 1.1816 | test_ce: 1.1502 | test_l1: 0.0314 | test_l2: 0.0000 | test_acc: 0.6899
[INFO] Saving model to: models/recurrentSNN_seed2/recurrentSNN_epoch_119.pt
Epoch: 120 | Time: 145.53896862599868 | train_total: 0.1746 | train_ce: 0.1475 | train_l1: 0.0271 | train_l2: 0.0000 | train_acc: 0.9616 | test_total: 1.3028 | test_ce: 1.2722 | test_l1: 0.0306 | test_l2: 0.0000 | test_acc: 0.6754
[INFO] Saving model to: models/recurrentSNN_seed2/recurrentSNN_epoch_120.pt
Epoch: 121 | Time: 145.11114361400178 | train_total: 0.1759 | train_ce: 0.1484 | train_l1: 0.0274 | train_l2: 0.0000 | train_acc: 0.9593 | test_total: 1.2227 | test_ce: 1.1886 | test_l1: 0.0342 | test_l2: 0.0000 | test_acc: 0.6846
[INFO] Saving model to: models/recurrentSNN_seed2/recurrentSNN_epoch_121.pt
Epoch: 122 | Time: 145.0750897329999 | train_total: 0.1742 | train_ce: 0.1476 | train_l1: 0.0266 | train_l2: 0.0000 | train_acc: 0.9644 | test_total: 1.2016 | test_ce: 1.1729 | test_l1: 0.0287 | test_l2: 0.0000 | test_acc: 0.6952
[INFO] Saving model to: models/recurrentSNN_seed2/recurrentSNN_epoch_122.pt
Epoch: 123 | Time: 145.21125625300192 | train_total: 0.1715 | train_ce: 0.1445 | train_l1: 0.0270 | train_l2: 0.0000 | train_acc: 0.9625 | test_total: 1.1963 | test_ce: 1.1630 | test_l1: 0.0332 | test_l2: 0.0000 | test_acc: 0.6784
[INFO] Saving model to: models/recurrentSNN_seed2/recurrentSNN_epoch_123.pt
Epoch: 124 | Time: 145.38365675200112 | train_total: 0.1572 | train_ce: 0.1302 | train_l1: 0.0270 | train_l2: 0.0000 | train_acc: 0.9687 | test_total: 1.2469 | test_ce: 1.2158 | test_l1: 0.0311 | test_l2: 0.0000 | test_acc: 0.6846
[INFO] Saving model to: models/recurrentSNN_seed2/recurrentSNN_epoch_124.pt
Epoch: 125 | Time: 144.94634250799936 | train_total: 0.1608 | train_ce: 0.1335 | train_l1: 0.0274 | train_l2: 0.0000 | train_acc: 0.9674 | test_total: 1.1569 | test_ce: 1.1268 | test_l1: 0.0300 | test_l2: 0.0000 | test_acc: 0.6930
[INFO] Saving model to: models/recurrentSNN_seed2/recurrentSNN_epoch_125.pt
Epoch: 126 | Time: 144.80759623099948 | train_total: 0.1560 | train_ce: 0.1297 | train_l1: 0.0262 | train_l2: 0.0000 | train_acc: 0.9679 | test_total: 1.2524 | test_ce: 1.2208 | test_l1: 0.0316 | test_l2: 0.0000 | test_acc: 0.6802
[INFO] Saving model to: models/recurrentSNN_seed2/recurrentSNN_epoch_126.pt
Epoch: 127 | Time: 145.18006088900074 | train_total: 0.1513 | train_ce: 0.1246 | train_l1: 0.0266 | train_l2: 0.0000 | train_acc: 0.9711 | test_total: 1.1694 | test_ce: 1.1390 | test_l1: 0.0305 | test_l2: 0.0000 | test_acc: 0.6970
[INFO] Saving model to: models/recurrentSNN_seed2/recurrentSNN_epoch_127.pt
Epoch: 128 | Time: 145.3123062529994 | train_total: 0.1487 | train_ce: 0.1223 | train_l1: 0.0263 | train_l2: 0.0000 | train_acc: 0.9733 | test_total: 1.2002 | test_ce: 1.1691 | test_l1: 0.0311 | test_l2: 0.0000 | test_acc: 0.6961
[INFO] Saving model to: models/recurrentSNN_seed2/recurrentSNN_epoch_128.pt
Epoch: 129 | Time: 145.25990482400084 | train_total: 0.1876 | train_ce: 0.1602 | train_l1: 0.0274 | train_l2: 0.0000 | train_acc: 0.9544 | test_total: 1.3503 | test_ce: 1.3191 | test_l1: 0.0312 | test_l2: 0.0000 | test_acc: 0.6692
[INFO] Saving model to: models/recurrentSNN_seed2/recurrentSNN_epoch_129.pt
Epoch: 130 | Time: 144.67537714900027 | train_total: 0.1785 | train_ce: 0.1518 | train_l1: 0.0268 | train_l2: 0.0000 | train_acc: 0.9560 | test_total: 1.2334 | test_ce: 1.2029 | test_l1: 0.0306 | test_l2: 0.0000 | test_acc: 0.6767
[INFO] Saving model to: models/recurrentSNN_seed2/recurrentSNN_epoch_130.pt
Epoch: 131 | Time: 146.12708021700018 | train_total: 0.1424 | train_ce: 0.1166 | train_l1: 0.0259 | train_l2: 0.0000 | train_acc: 0.9729 | test_total: 1.1762 | test_ce: 1.1461 | test_l1: 0.0300 | test_l2: 0.0000 | test_acc: 0.6904
[INFO] Saving model to: models/recurrentSNN_seed2/recurrentSNN_epoch_131.pt
Epoch: 132 | Time: 146.130116919001 | train_total: 0.1281 | train_ce: 0.1015 | train_l1: 0.0266 | train_l2: 0.0000 | train_acc: 0.9793 | test_total: 1.2258 | test_ce: 1.1936 | test_l1: 0.0322 | test_l2: 0.0000 | test_acc: 0.6793
[INFO] Saving model to: models/recurrentSNN_seed2/recurrentSNN_epoch_132.pt
Epoch: 133 | Time: 145.8001001809971 | train_total: 0.1294 | train_ce: 0.1031 | train_l1: 0.0263 | train_l2: 0.0000 | train_acc: 0.9777 | test_total: 1.2130 | test_ce: 1.1835 | test_l1: 0.0295 | test_l2: 0.0000 | test_acc: 0.6868
[INFO] Saving model to: models/recurrentSNN_seed2/recurrentSNN_epoch_133.pt
Epoch: 134 | Time: 145.82557167100094 | train_total: 0.1438 | train_ce: 0.1171 | train_l1: 0.0267 | train_l2: 0.0000 | train_acc: 0.9724 | test_total: 1.2519 | test_ce: 1.2195 | test_l1: 0.0323 | test_l2: 0.0000 | test_acc: 0.6842
[INFO] Saving model to: models/recurrentSNN_seed2/recurrentSNN_epoch_134.pt
Epoch: 135 | Time: 146.0296268589991 | train_total: 0.1555 | train_ce: 0.1294 | train_l1: 0.0261 | train_l2: 0.0000 | train_acc: 0.9664 | test_total: 1.2906 | test_ce: 1.2594 | test_l1: 0.0312 | test_l2: 0.0000 | test_acc: 0.6754
[INFO] Saving model to: models/recurrentSNN_seed2/recurrentSNN_epoch_135.pt
Epoch: 136 | Time: 145.54631952600175 | train_total: 0.1598 | train_ce: 0.1342 | train_l1: 0.0256 | train_l2: 0.0000 | train_acc: 0.9655 | test_total: 1.2063 | test_ce: 1.1755 | test_l1: 0.0308 | test_l2: 0.0000 | test_acc: 0.6899
[INFO] Saving model to: models/recurrentSNN_seed2/recurrentSNN_epoch_136.pt
Epoch: 137 | Time: 145.3403613440023 | train_total: 0.1463 | train_ce: 0.1199 | train_l1: 0.0264 | train_l2: 0.0000 | train_acc: 0.9707 | test_total: 1.2122 | test_ce: 1.1825 | test_l1: 0.0297 | test_l2: 0.0000 | test_acc: 0.6829
[INFO] Saving model to: models/recurrentSNN_seed2/recurrentSNN_epoch_137.pt
Epoch: 138 | Time: 145.36071523300052 | train_total: 0.1524 | train_ce: 0.1262 | train_l1: 0.0262 | train_l2: 0.0000 | train_acc: 0.9685 | test_total: 1.2047 | test_ce: 1.1749 | test_l1: 0.0299 | test_l2: 0.0000 | test_acc: 0.6895
[INFO] Saving model to: models/recurrentSNN_seed2/recurrentSNN_epoch_138.pt
Epoch: 139 | Time: 145.5416555410011 | train_total: 0.1322 | train_ce: 0.1064 | train_l1: 0.0257 | train_l2: 0.0000 | train_acc: 0.9769 | test_total: 1.2813 | test_ce: 1.2520 | test_l1: 0.0293 | test_l2: 0.0000 | test_acc: 0.6736
[INFO] Saving model to: models/recurrentSNN_seed2/recurrentSNN_epoch_139.pt
Epoch: 140 | Time: 145.99830529999963 | train_total: 0.1434 | train_ce: 0.1175 | train_l1: 0.0259 | train_l2: 0.0000 | train_acc: 0.9695 | test_total: 1.2625 | test_ce: 1.2287 | test_l1: 0.0338 | test_l2: 0.0000 | test_acc: 0.6820
[INFO] Saving model to: models/recurrentSNN_seed2/recurrentSNN_epoch_140.pt
Epoch: 141 | Time: 146.11693279999963 | train_total: 0.1396 | train_ce: 0.1132 | train_l1: 0.0264 | train_l2: 0.0000 | train_acc: 0.9743 | test_total: 1.2675 | test_ce: 1.2367 | test_l1: 0.0308 | test_l2: 0.0000 | test_acc: 0.6815
[INFO] Saving model to: models/recurrentSNN_seed2/recurrentSNN_epoch_141.pt
Epoch: 142 | Time: 145.03554068099766 | train_total: 0.1365 | train_ce: 0.1113 | train_l1: 0.0252 | train_l2: 0.0000 | train_acc: 0.9744 | test_total: 1.3145 | test_ce: 1.2868 | test_l1: 0.0277 | test_l2: 0.0000 | test_acc: 0.6723
[INFO] Saving model to: models/recurrentSNN_seed2/recurrentSNN_epoch_142.pt
Epoch: 143 | Time: 145.7162220450009 | train_total: 0.1434 | train_ce: 0.1179 | train_l1: 0.0255 | train_l2: 0.0000 | train_acc: 0.9711 | test_total: 1.1972 | test_ce: 1.1665 | test_l1: 0.0307 | test_l2: 0.0000 | test_acc: 0.6970
[INFO] Saving model to: models/recurrentSNN_seed2/recurrentSNN_epoch_143.pt
Epoch: 144 | Time: 146.1644508520003 | train_total: 0.1296 | train_ce: 0.1037 | train_l1: 0.0258 | train_l2: 0.0000 | train_acc: 0.9777 | test_total: 1.2018 | test_ce: 1.1730 | test_l1: 0.0288 | test_l2: 0.0000 | test_acc: 0.6939
[INFO] Saving model to: models/recurrentSNN_seed2/recurrentSNN_epoch_144.pt
Epoch: 145 | Time: 146.21134209400043 | train_total: 0.1246 | train_ce: 0.0998 | train_l1: 0.0249 | train_l2: 0.0000 | train_acc: 0.9773 | test_total: 1.2450 | test_ce: 1.2149 | test_l1: 0.0301 | test_l2: 0.0000 | test_acc: 0.6886
[INFO] Saving model to: models/recurrentSNN_seed2/recurrentSNN_epoch_145.pt
Epoch: 146 | Time: 146.00047955100308 | train_total: 0.1141 | train_ce: 0.0894 | train_l1: 0.0247 | train_l2: 0.0000 | train_acc: 0.9820 | test_total: 1.2230 | test_ce: 1.1949 | test_l1: 0.0280 | test_l2: 0.0000 | test_acc: 0.6926
[INFO] Saving model to: models/recurrentSNN_seed2/recurrentSNN_epoch_146.pt
Epoch: 147 | Time: 146.02551899000173 | train_total: 0.1233 | train_ce: 0.0988 | train_l1: 0.0245 | train_l2: 0.0000 | train_acc: 0.9782 | test_total: 1.1715 | test_ce: 1.1423 | test_l1: 0.0293 | test_l2: 0.0000 | test_acc: 0.6979
[INFO] Saving model to: models/recurrentSNN_seed2/recurrentSNN_epoch_147.pt
Epoch: 148 | Time: 145.9646999910001 | train_total: 0.1245 | train_ce: 0.0996 | train_l1: 0.0248 | train_l2: 0.0000 | train_acc: 0.9781 | test_total: 1.3846 | test_ce: 1.3535 | test_l1: 0.0311 | test_l2: 0.0000 | test_acc: 0.6687
[INFO] Saving model to: models/recurrentSNN_seed2/recurrentSNN_epoch_148.pt
Epoch: 149 | Time: 146.18538156399882 | train_total: 0.1490 | train_ce: 0.1232 | train_l1: 0.0258 | train_l2: 0.0000 | train_acc: 0.9669 | test_total: 1.2220 | test_ce: 1.1927 | test_l1: 0.0293 | test_l2: 0.0000 | test_acc: 0.6868
[INFO] Saving model to: models/recurrentSNN_seed2/recurrentSNN_epoch_149.pt
Epoch: 150 | Time: 145.8781942329988 | train_total: 0.1092 | train_ce: 0.0848 | train_l1: 0.0244 | train_l2: 0.0000 | train_acc: 0.9843 | test_total: 1.2372 | test_ce: 1.2072 | test_l1: 0.0300 | test_l2: 0.0000 | test_acc: 0.6904
[INFO] Saving model to: models/recurrentSNN_seed2/recurrentSNN_epoch_150.pt
